/home/matt/esmeralda/lab/12_Wort/ufv/BASchreiber_000_5_sss_ex.ufv
/home/matt/esmeralda/lab/12_Wort/ufv/BASchreiber_002_5_sss_ex.ufv
/home/matt/esmeralda/lab/12_Wort/ufv/BASchreiber_003_5_sss_ex.ufv
/home/matt/esmeralda/lab/12_Wort/ufv/BASchreiber_010_5_sss_ex.ufv
/home/matt/esmeralda/lab/12_Wort/ufv/BASchreiber_011_5_sss_ex.ufv
/home/matt/esmeralda/lab/12_Wort/ufv/BASchreiber_013_5_sss_ex.ufv
/home/matt/esmeralda/lab/12_Wort/ufv/BASchreiber_014_5_sss_ex.ufv
/home/matt/esmeralda/lab/12_Wort/ufv/BASchreiber_015_5_sss_ex.ufv
/home/matt/esmeralda/lab/12_Wort/ufv/BASchreiber_016_5_sss_ex.ufv
/home/matt/esmeralda/lab/12_Wort/ufv/BASchreiber_017_5_sss_ex.ufv
/home/matt/esmeralda/lab/12_Wort/ufv/BASchreiber_018_5_sss_ex.ufv
/home/matt/esmeralda/lab/12_Wort/ufv/BASchreiber_021_5_sss_ex.ufv
/home/matt/esmeralda/lab/12_Wort/ufv/BASchreiber_022_5_sss_ex.ufv
/home/matt/esmeralda/lab/12_Wort/ufv/BASchreiber_023_5_sss_ex.ufv
/home/matt/esmeralda/lab/12_Wort/ufv/BASchreiber_027_5_sss_ex.ufv
/home/matt/esmeralda/lab/12_Wort/ufv/BASchreiber_028_5_sss_ex.ufv
/home/matt/esmeralda/lab/12_Wort/ufv/BASchreiber_029_5_sss_ex.ufv
/home/matt/esmeralda/lab/12_Wort/ufv/BASchreiber_030_5_sss_ex.ufv
/home/matt/esmeralda/lab/12_Wort/ufv/BASchreiber_031_5_sss_ex.ufv
/home/matt/esmeralda/lab/12_Wort/ufv/BASchreiber_032_5_sss_ex.ufv
/home/matt/esmeralda/lab/12_Wort/ufv/BASchreiber_033_5_sss_ex.ufv
/home/matt/esmeralda/lab/12_Wort/ufv/BASchreiber_035_5_sss_ex.ufv
/home/matt/esmeralda/lab/12_Wort/ufv/BASchreiber_036_5_sss_ex.ufv
/home/matt/esmeralda/lab/12_Wort/ufv/BASchreiber_037_5_sss_ex.ufv
/home/matt/esmeralda/lab/12_Wort/ufv/BASchreiber_038_5_sss_ex.ufv
/home/matt/esmeralda/lab/12_Wort/ufv/BASchreiber_039_5_sss_ex.ufv
/home/matt/esmeralda/lab/12_Wort/ufv/BASchreiber_040_5_sss_ex.ufv
/home/matt/esmeralda/lab/12_Wort/ufv/BASchreiber_041_5_sss_ex.ufv
/home/matt/esmeralda/lab/12_Wort/ufv/BASchreiber_042_5_sss_ex.ufv
/home/matt/esmeralda/lab/12_Wort/ufv/BASchreiber_043_5_sss_ex.ufv
/home/matt/esmeralda/lab/12_Wort/ufv/BASchreiber_044_5_sss_ex.ufv
/home/matt/esmeralda/lab/12_Wort/ufv/BASchreiber_045_5_sss_ex.ufv
/home/matt/esmeralda/lab/12_Wort/ufv/BASchreiber_046_5_sss_ex.ufv
/home/matt/esmeralda/lab/12_Wort/ufv/BASchreiber_049_5_sss_ex.ufv
/home/matt/esmeralda/lab/12_Wort/ufv/BASchreiber_050_5_sss_ex.ufv
/home/matt/esmeralda/lab/12_Wort/ufv/BASchreiber_051_5_sss_ex.ufv
/home/matt/esmeralda/lab/12_Wort/ufv/BASchreiber_052_5_sss_ex.ufv
/home/matt/esmeralda/lab/12_Wort/ufv/BASchreiber_056_5_sss_ex.ufv
/home/matt/esmeralda/lab/12_Wort/ufv/BASchreiber_057_5_sss_ex.ufv
/home/matt/esmeralda/lab/12_Wort/ufv/BASchreiber_058_5_sss_ex.ufv
/home/matt/esmeralda/lab/12_Wort/ufv/BASchreiber_059_5_sss_ex.ufv
/home/matt/esmeralda/lab/12_Wort/ufv/BASchreiber_060_5_sss_ex.ufv
/home/matt/esmeralda/lab/12_Wort/ufv/BASchreiber_061_5_sss_ex.ufv
/home/matt/esmeralda/lab/12_Wort/ufv/BASchreiber_062_5_sss_ex.ufv
/home/matt/esmeralda/lab/12_Wort/ufv/BASchreiber_063_5_sss_ex.ufv
/home/matt/esmeralda/lab/12_Wort/ufv/BASchreiber_064_5_sss_ex.ufv
/home/matt/esmeralda/lab/12_Wort/ufv/BASchreiber_065_5_sss_ex.ufv
/home/matt/esmeralda/lab/12_Wort/ufv/BASchreiber_067_5_sss_ex.ufv
/home/matt/esmeralda/lab/12_Wort/ufv/BASchreiber_068_5_sss_ex.ufv
/home/matt/esmeralda/lab/12_Wort/ufv/BASchreiber_069_5_sss_ex.ufv
/home/matt/esmeralda/lab/12_Wort/ufv/BASchreiber_076_5_sss_ex.ufv
/home/matt/esmeralda/lab/12_Wort/ufv/BASchreiber_077_5_sss_ex.ufv
/home/matt/esmeralda/lab/12_Wort/ufv/BASchreiber_078_5_sss_ex.ufv
/home/matt/esmeralda/lab/12_Wort/ufv/BASchreiber_079_5_sss_ex.ufv
/home/matt/esmeralda/lab/12_Wort/ufv/BASchreiber_080_5_sss_ex.ufv
/home/matt/esmeralda/lab/12_Wort/ufv/BASchreiber_081_5_sss_ex.ufv
/home/matt/esmeralda/lab/12_Wort/ufv/BASchreiber_082_5_sss_ex.ufv
/home/matt/esmeralda/lab/12_Wort/ufv/BASchreiber_083_5_sss_ex.ufv
/home/matt/esmeralda/lab/12_Wort/ufv/BASchreiber_084_5_sss_ex.ufv
/home/matt/esmeralda/lab/12_Wort/ufv/BASchreiber_085_5_sss_ex.ufv
/home/matt/esmeralda/lab/12_Wort/ufv/BASchreiber_086_5_sss_ex.ufv
/home/matt/esmeralda/lab/12_Wort/ufv/BASchreiber_087_5_sss_ex.ufv
/home/matt/esmeralda/lab/12_Wort/ufv/BASchreiber_088_5_sss_ex.ufv
/home/matt/esmeralda/lab/12_Wort/ufv/BASchreiber_089_5_sss_ex.ufv
/home/matt/esmeralda/lab/12_Wort/ufv/BASchreiber_090_5_sss_ex.ufv
/home/matt/esmeralda/lab/12_Wort/ufv/BASchreiber_091_5_sss_ex.ufv
/home/matt/esmeralda/lab/12_Wort/ufv/BASchreiber_092_5_sss_ex.ufv
/home/matt/esmeralda/lab/12_Wort/ufv/BASchreiber_093_5_sss_ex.ufv
/home/matt/esmeralda/lab/12_Wort/ufv/BASchreiber_094_5_sss_ex.ufv
/home/matt/esmeralda/lab/12_Wort/ufv/BASchreiber_095_5_sss_ex.ufv
/home/matt/esmeralda/lab/12_Wort/ufv/BASchreiber_096_5_sss_ex.ufv
/home/matt/esmeralda/lab/12_Wort/ufv/BASchreiber_097_5_sss_ex.ufv
/home/matt/esmeralda/lab/12_Wort/ufv/BASchreiber_098_5_sss_ex.ufv
/home/matt/esmeralda/lab/12_Wort/ufv/BASchreiber_099_5_sss_ex.ufv
/home/matt/esmeralda/lab/12_Wort/ufv/BASchreiber_100_5_sss_ex.ufv
/home/matt/esmeralda/lab/12_Wort/ufv/BASchreiber_101_5_sss_ex.ufv
/home/matt/esmeralda/lab/12_Wort/ufv/BASchreiber_102_5_sss_ex.ufv
/home/matt/esmeralda/lab/12_Wort/ufv/BASchreiber_103_5_sss_ex.ufv
/home/matt/esmeralda/lab/12_Wort/ufv/BASchreiber_104_5_sss_ex.ufv
/home/matt/esmeralda/lab/12_Wort/ufv/BASchreiber_105_5_sss_ex.ufv
/home/matt/esmeralda/lab/12_Wort/ufv/BASchreiber_106_5_sss_ex.ufv
/home/matt/esmeralda/lab/12_Wort/ufv/BASchreiber_107_5_sss_ex.ufv
/home/matt/esmeralda/lab/12_Wort/ufv/BASchreiber_108_5_sss_ex.ufv
/home/matt/esmeralda/lab/12_Wort/ufv/BASchreiber_110_5_sss_ex.ufv
/home/matt/esmeralda/lab/12_Wort/ufv/BASchreiber_111_5_sss_ex.ufv
/home/matt/esmeralda/lab/12_Wort/ufv/BASchreiber_112_5_sss_ex.ufv
/home/matt/esmeralda/lab/12_Wort/ufv/BASchreiber_113_5_sss_ex.ufv
/home/matt/esmeralda/lab/12_Wort/ufv/BASchreiber_114_5_sss_ex.ufv
/home/matt/esmeralda/lab/12_Wort/ufv/BASchreiber_115_5_sss_ex.ufv
/home/matt/esmeralda/lab/12_Wort/ufv/BASchreiber_116_5_sss_ex.ufv
/home/matt/esmeralda/lab/12_Wort/ufv/BASchreiber_117_5_sss_ex.ufv
/home/matt/esmeralda/lab/12_Wort/ufv/BASchreiber_118_5_sss_ex.ufv
/home/matt/esmeralda/lab/12_Wort/ufv/BASchreiber_119_5_sss_ex.ufv
/home/matt/esmeralda/lab/12_Wort/ufv/BASchreiber_120_5_sss_ex.ufv
/home/matt/esmeralda/lab/12_Wort/ufv/BASchreiber_121_5_sss_ex.ufv
/home/matt/esmeralda/lab/12_Wort/ufv/BASchreiber_122_5_sss_ex.ufv
/home/matt/esmeralda/lab/12_Wort/ufv/BASchreiber_123_5_sss_ex.ufv
/home/matt/esmeralda/lab/12_Wort/ufv/BASchreiber_124_5_sss_ex.ufv
/home/matt/esmeralda/lab/12_Wort/ufv/BASchreiber_125_5_sss_ex.ufv
/home/matt/esmeralda/lab/12_Wort/ufv/BASchreiber_126_5_sss_ex.ufv
/home/matt/esmeralda/lab/12_Wort/ufv/BASchreiber_127_5_sss_ex.ufv
/home/matt/esmeralda/lab/12_Wort/ufv/BASchreiber_128_5_sss_ex.ufv
/home/matt/esmeralda/lab/12_Wort/ufv/BASchreiber_129_5_sss_ex.ufv
/home/matt/esmeralda/lab/12_Wort/ufv/BASchreiber_130_5_sss_ex.ufv
/home/matt/esmeralda/lab/12_Wort/ufv/CSchreiber_000_5_sss_ex.ufv
/home/matt/esmeralda/lab/12_Wort/ufv/CSchreiber_002_5_sss_ex.ufv
/home/matt/esmeralda/lab/12_Wort/ufv/CSchreiber_003_5_sss_ex.ufv
/home/matt/esmeralda/lab/12_Wort/ufv/CSchreiber_010_5_sss_ex.ufv
/home/matt/esmeralda/lab/12_Wort/ufv/CSchreiber_011_5_sss_ex.ufv
/home/matt/esmeralda/lab/12_Wort/ufv/CSchreiber_013_5_sss_ex.ufv
/home/matt/esmeralda/lab/12_Wort/ufv/CSchreiber_014_5_sss_ex.ufv
/home/matt/esmeralda/lab/12_Wort/ufv/CSchreiber_015_5_sss_ex.ufv
/home/matt/esmeralda/lab/12_Wort/ufv/CSchreiber_016_5_sss_ex.ufv
/home/matt/esmeralda/lab/12_Wort/ufv/CSchreiber_017_5_sss_ex.ufv
/home/matt/esmeralda/lab/12_Wort/ufv/CSchreiber_018_5_sss_ex.ufv
/home/matt/esmeralda/lab/12_Wort/ufv/CSchreiber_021_5_sss_ex.ufv
/home/matt/esmeralda/lab/12_Wort/ufv/CSchreiber_022_5_sss_ex.ufv
/home/matt/esmeralda/lab/12_Wort/ufv/CSchreiber_023_5_sss_ex.ufv
/home/matt/esmeralda/lab/12_Wort/ufv/CSchreiber_027_5_sss_ex.ufv
/home/matt/esmeralda/lab/12_Wort/ufv/CSchreiber_028_5_sss_ex.ufv
/home/matt/esmeralda/lab/12_Wort/ufv/CSchreiber_029_5_sss_ex.ufv
/home/matt/esmeralda/lab/12_Wort/ufv/CSchreiber_030_5_sss_ex.ufv
/home/matt/esmeralda/lab/12_Wort/ufv/CSchreiber_031_5_sss_ex.ufv
/home/matt/esmeralda/lab/12_Wort/ufv/CSchreiber_032_5_sss_ex.ufv
/home/matt/esmeralda/lab/12_Wort/ufv/CSchreiber_033_5_sss_ex.ufv
/home/matt/esmeralda/lab/12_Wort/ufv/CSchreiber_035_5_sss_ex.ufv
/home/matt/esmeralda/lab/12_Wort/ufv/CSchreiber_036_5_sss_ex.ufv
/home/matt/esmeralda/lab/12_Wort/ufv/CSchreiber_037_5_sss_ex.ufv
/home/matt/esmeralda/lab/12_Wort/ufv/CSchreiber_038_5_sss_ex.ufv
/home/matt/esmeralda/lab/12_Wort/ufv/CSchreiber_039_5_sss_ex.ufv
/home/matt/esmeralda/lab/12_Wort/ufv/CSchreiber_040_5_sss_ex.ufv
/home/matt/esmeralda/lab/12_Wort/ufv/CSchreiber_041_5_sss_ex.ufv
/home/matt/esmeralda/lab/12_Wort/ufv/CSchreiber_042_5_sss_ex.ufv
/home/matt/esmeralda/lab/12_Wort/ufv/CSchreiber_043_5_sss_ex.ufv
/home/matt/esmeralda/lab/12_Wort/ufv/CSchreiber_044_5_sss_ex.ufv
/home/matt/esmeralda/lab/12_Wort/ufv/CSchreiber_045_5_sss_ex.ufv
/home/matt/esmeralda/lab/12_Wort/ufv/CSchreiber_046_5_sss_ex.ufv
/home/matt/esmeralda/lab/12_Wort/ufv/CSchreiber_049_5_sss_ex.ufv
/home/matt/esmeralda/lab/12_Wort/ufv/CSchreiber_050_5_sss_ex.ufv
/home/matt/esmeralda/lab/12_Wort/ufv/CSchreiber_051_5_sss_ex.ufv
/home/matt/esmeralda/lab/12_Wort/ufv/CSchreiber_052_5_sss_ex.ufv
/home/matt/esmeralda/lab/12_Wort/ufv/CSchreiber_056_5_sss_ex.ufv
/home/matt/esmeralda/lab/12_Wort/ufv/CSchreiber_057_5_sss_ex.ufv
/home/matt/esmeralda/lab/12_Wort/ufv/CSchreiber_058_5_sss_ex.ufv
/home/matt/esmeralda/lab/12_Wort/ufv/CSchreiber_059_5_sss_ex.ufv
/home/matt/esmeralda/lab/12_Wort/ufv/CSchreiber_060_5_sss_ex.ufv
/home/matt/esmeralda/lab/12_Wort/ufv/CSchreiber_061_5_sss_ex.ufv
/home/matt/esmeralda/lab/12_Wort/ufv/CSchreiber_062_5_sss_ex.ufv
/home/matt/esmeralda/lab/12_Wort/ufv/CSchreiber_063_5_sss_ex.ufv
/home/matt/esmeralda/lab/12_Wort/ufv/CSchreiber_064_5_sss_ex.ufv
/home/matt/esmeralda/lab/12_Wort/ufv/CSchreiber_065_5_sss_ex.ufv
/home/matt/esmeralda/lab/12_Wort/ufv/CSchreiber_067_5_sss_ex.ufv
/home/matt/esmeralda/lab/12_Wort/ufv/CSchreiber_068_5_sss_ex.ufv
/home/matt/esmeralda/lab/12_Wort/ufv/CSchreiber_069_5_sss_ex.ufv
/home/matt/esmeralda/lab/12_Wort/ufv/CSchreiber_076_5_sss_ex.ufv
/home/matt/esmeralda/lab/12_Wort/ufv/CSchreiber_077_5_sss_ex.ufv
/home/matt/esmeralda/lab/12_Wort/ufv/CSchreiber_078_5_sss_ex.ufv
/home/matt/esmeralda/lab/12_Wort/ufv/CSchreiber_079_5_sss_ex.ufv
/home/matt/esmeralda/lab/12_Wort/ufv/CSchreiber_080_5_sss_ex.ufv
/home/matt/esmeralda/lab/12_Wort/ufv/CSchreiber_081_5_sss_ex.ufv
/home/matt/esmeralda/lab/12_Wort/ufv/CSchreiber_082_5_sss_ex.ufv
/home/matt/esmeralda/lab/12_Wort/ufv/CSchreiber_083_5_sss_ex.ufv
/home/matt/esmeralda/lab/12_Wort/ufv/CSchreiber_084_5_sss_ex.ufv
/home/matt/esmeralda/lab/12_Wort/ufv/CSchreiber_085_5_sss_ex.ufv
/home/matt/esmeralda/lab/12_Wort/ufv/CSchreiber_086_5_sss_ex.ufv
/home/matt/esmeralda/lab/12_Wort/ufv/CSchreiber_087_5_sss_ex.ufv
/home/matt/esmeralda/lab/12_Wort/ufv/CSchreiber_088_5_sss_ex.ufv
/home/matt/esmeralda/lab/12_Wort/ufv/CSchreiber_089_5_sss_ex.ufv
/home/matt/esmeralda/lab/12_Wort/ufv/CSchreiber_090_5_sss_ex.ufv
/home/matt/esmeralda/lab/12_Wort/ufv/CSchreiber_091_5_sss_ex.ufv
/home/matt/esmeralda/lab/12_Wort/ufv/CSchreiber_092_5_sss_ex.ufv
/home/matt/esmeralda/lab/12_Wort/ufv/CSchreiber_093_5_sss_ex.ufv
/home/matt/esmeralda/lab/12_Wort/ufv/CSchreiber_094_5_sss_ex.ufv
/home/matt/esmeralda/lab/12_Wort/ufv/CSchreiber_095_5_sss_ex.ufv
/home/matt/esmeralda/lab/12_Wort/ufv/CSchreiber_096_5_sss_ex.ufv
/home/matt/esmeralda/lab/12_Wort/ufv/CSchreiber_097_5_sss_ex.ufv
/home/matt/esmeralda/lab/12_Wort/ufv/CSchreiber_098_5_sss_ex.ufv
/home/matt/esmeralda/lab/12_Wort/ufv/CSchreiber_099_5_sss_ex.ufv
/home/matt/esmeralda/lab/12_Wort/ufv/CSchreiber_100_5_sss_ex.ufv
/home/matt/esmeralda/lab/12_Wort/ufv/CSchreiber_101_5_sss_ex.ufv
/home/matt/esmeralda/lab/12_Wort/ufv/CSchreiber_102_5_sss_ex.ufv
/home/matt/esmeralda/lab/12_Wort/ufv/CSchreiber_103_5_sss_ex.ufv
/home/matt/esmeralda/lab/12_Wort/ufv/CSchreiber_104_5_sss_ex.ufv
/home/matt/esmeralda/lab/12_Wort/ufv/CSchreiber_105_5_sss_ex.ufv
/home/matt/esmeralda/lab/12_Wort/ufv/CSchreiber_106_5_sss_ex.ufv
/home/matt/esmeralda/lab/12_Wort/ufv/CSchreiber_107_5_sss_ex.ufv
/home/matt/esmeralda/lab/12_Wort/ufv/CSchreiber_108_5_sss_ex.ufv
/home/matt/esmeralda/lab/12_Wort/ufv/CSchreiber_110_5_sss_ex.ufv
/home/matt/esmeralda/lab/12_Wort/ufv/CSchreiber_111_5_sss_ex.ufv
/home/matt/esmeralda/lab/12_Wort/ufv/CSchreiber_112_5_sss_ex.ufv
/home/matt/esmeralda/lab/12_Wort/ufv/CSchreiber_113_5_sss_ex.ufv
/home/matt/esmeralda/lab/12_Wort/ufv/CSchreiber_114_5_sss_ex.ufv
/home/matt/esmeralda/lab/12_Wort/ufv/CSchreiber_115_5_sss_ex.ufv
/home/matt/esmeralda/lab/12_Wort/ufv/CSchreiber_116_5_sss_ex.ufv
/home/matt/esmeralda/lab/12_Wort/ufv/CSchreiber_117_5_sss_ex.ufv
/home/matt/esmeralda/lab/12_Wort/ufv/CSchreiber_118_5_sss_ex.ufv
/home/matt/esmeralda/lab/12_Wort/ufv/CSchreiber_119_5_sss_ex.ufv
/home/matt/esmeralda/lab/12_Wort/ufv/CSchreiber_120_5_sss_ex.ufv
/home/matt/esmeralda/lab/12_Wort/ufv/CSchreiber_121_5_sss_ex.ufv
/home/matt/esmeralda/lab/12_Wort/ufv/CSchreiber_122_5_sss_ex.ufv
/home/matt/esmeralda/lab/12_Wort/ufv/CSchreiber_123_5_sss_ex.ufv
/home/matt/esmeralda/lab/12_Wort/ufv/CSchreiber_124_5_sss_ex.ufv
/home/matt/esmeralda/lab/12_Wort/ufv/CSchreiber_125_5_sss_ex.ufv
/home/matt/esmeralda/lab/12_Wort/ufv/CSchreiber_126_5_sss_ex.ufv
/home/matt/esmeralda/lab/12_Wort/ufv/CSchreiber_127_5_sss_ex.ufv
/home/matt/esmeralda/lab/12_Wort/ufv/CSchreiber_128_5_sss_ex.ufv
/home/matt/esmeralda/lab/12_Wort/ufv/CSchreiber_129_5_sss_ex.ufv
/home/matt/esmeralda/lab/12_Wort/ufv/CSchreiber_130_5_sss_ex.ufv
/home/matt/esmeralda/lab/12_Wort/ufv/daSchreiber_000_5_sss_ex.ufv
/home/matt/esmeralda/lab/12_Wort/ufv/daSchreiber_002_5_sss_ex.ufv
/home/matt/esmeralda/lab/12_Wort/ufv/daSchreiber_003_5_sss_ex.ufv
/home/matt/esmeralda/lab/12_Wort/ufv/daSchreiber_010_5_sss_ex.ufv
/home/matt/esmeralda/lab/12_Wort/ufv/daSchreiber_011_5_sss_ex.ufv
/home/matt/esmeralda/lab/12_Wort/ufv/daSchreiber_013_5_sss_ex.ufv
/home/matt/esmeralda/lab/12_Wort/ufv/daSchreiber_014_5_sss_ex.ufv
/home/matt/esmeralda/lab/12_Wort/ufv/daSchreiber_015_5_sss_ex.ufv
/home/matt/esmeralda/lab/12_Wort/ufv/daSchreiber_016_5_sss_ex.ufv
/home/matt/esmeralda/lab/12_Wort/ufv/daSchreiber_017_5_sss_ex.ufv
/home/matt/esmeralda/lab/12_Wort/ufv/daSchreiber_018_5_sss_ex.ufv
/home/matt/esmeralda/lab/12_Wort/ufv/daSchreiber_021_5_sss_ex.ufv
/home/matt/esmeralda/lab/12_Wort/ufv/daSchreiber_022_5_sss_ex.ufv
/home/matt/esmeralda/lab/12_Wort/ufv/daSchreiber_023_5_sss_ex.ufv
/home/matt/esmeralda/lab/12_Wort/ufv/daSchreiber_027_5_sss_ex.ufv
/home/matt/esmeralda/lab/12_Wort/ufv/daSchreiber_028_5_sss_ex.ufv
/home/matt/esmeralda/lab/12_Wort/ufv/daSchreiber_029_5_sss_ex.ufv
/home/matt/esmeralda/lab/12_Wort/ufv/daSchreiber_030_5_sss_ex.ufv
/home/matt/esmeralda/lab/12_Wort/ufv/daSchreiber_031_5_sss_ex.ufv
/home/matt/esmeralda/lab/12_Wort/ufv/daSchreiber_032_5_sss_ex.ufv
/home/matt/esmeralda/lab/12_Wort/ufv/daSchreiber_033_5_sss_ex.ufv
/home/matt/esmeralda/lab/12_Wort/ufv/daSchreiber_035_5_sss_ex.ufv
/home/matt/esmeralda/lab/12_Wort/ufv/daSchreiber_036_5_sss_ex.ufv
/home/matt/esmeralda/lab/12_Wort/ufv/daSchreiber_037_5_sss_ex.ufv
/home/matt/esmeralda/lab/12_Wort/ufv/daSchreiber_038_5_sss_ex.ufv
/home/matt/esmeralda/lab/12_Wort/ufv/daSchreiber_039_5_sss_ex.ufv
/home/matt/esmeralda/lab/12_Wort/ufv/daSchreiber_040_5_sss_ex.ufv
/home/matt/esmeralda/lab/12_Wort/ufv/daSchreiber_041_5_sss_ex.ufv
/home/matt/esmeralda/lab/12_Wort/ufv/daSchreiber_042_5_sss_ex.ufv
/home/matt/esmeralda/lab/12_Wort/ufv/daSchreiber_043_5_sss_ex.ufv
/home/matt/esmeralda/lab/12_Wort/ufv/daSchreiber_044_5_sss_ex.ufv
/home/matt/esmeralda/lab/12_Wort/ufv/daSchreiber_045_5_sss_ex.ufv
/home/matt/esmeralda/lab/12_Wort/ufv/daSchreiber_046_5_sss_ex.ufv
/home/matt/esmeralda/lab/12_Wort/ufv/daSchreiber_049_5_sss_ex.ufv
/home/matt/esmeralda/lab/12_Wort/ufv/daSchreiber_050_5_sss_ex.ufv
/home/matt/esmeralda/lab/12_Wort/ufv/daSchreiber_051_5_sss_ex.ufv
/home/matt/esmeralda/lab/12_Wort/ufv/daSchreiber_052_5_sss_ex.ufv
/home/matt/esmeralda/lab/12_Wort/ufv/daSchreiber_056_5_sss_ex.ufv
/home/matt/esmeralda/lab/12_Wort/ufv/daSchreiber_057_5_sss_ex.ufv
/home/matt/esmeralda/lab/12_Wort/ufv/daSchreiber_058_5_sss_ex.ufv
/home/matt/esmeralda/lab/12_Wort/ufv/daSchreiber_059_5_sss_ex.ufv
/home/matt/esmeralda/lab/12_Wort/ufv/daSchreiber_060_5_sss_ex.ufv
/home/matt/esmeralda/lab/12_Wort/ufv/daSchreiber_061_5_sss_ex.ufv
/home/matt/esmeralda/lab/12_Wort/ufv/daSchreiber_062_5_sss_ex.ufv
/home/matt/esmeralda/lab/12_Wort/ufv/daSchreiber_063_5_sss_ex.ufv
/home/matt/esmeralda/lab/12_Wort/ufv/daSchreiber_064_5_sss_ex.ufv
/home/matt/esmeralda/lab/12_Wort/ufv/daSchreiber_065_5_sss_ex.ufv
/home/matt/esmeralda/lab/12_Wort/ufv/daSchreiber_067_5_sss_ex.ufv
/home/matt/esmeralda/lab/12_Wort/ufv/daSchreiber_068_5_sss_ex.ufv
/home/matt/esmeralda/lab/12_Wort/ufv/daSchreiber_069_5_sss_ex.ufv
/home/matt/esmeralda/lab/12_Wort/ufv/daSchreiber_076_5_sss_ex.ufv
/home/matt/esmeralda/lab/12_Wort/ufv/daSchreiber_077_5_sss_ex.ufv
/home/matt/esmeralda/lab/12_Wort/ufv/daSchreiber_078_5_sss_ex.ufv
/home/matt/esmeralda/lab/12_Wort/ufv/daSchreiber_079_5_sss_ex.ufv
/home/matt/esmeralda/lab/12_Wort/ufv/daSchreiber_080_5_sss_ex.ufv
/home/matt/esmeralda/lab/12_Wort/ufv/daSchreiber_081_5_sss_ex.ufv
/home/matt/esmeralda/lab/12_Wort/ufv/daSchreiber_082_5_sss_ex.ufv
/home/matt/esmeralda/lab/12_Wort/ufv/daSchreiber_083_5_sss_ex.ufv
/home/matt/esmeralda/lab/12_Wort/ufv/daSchreiber_084_5_sss_ex.ufv
/home/matt/esmeralda/lab/12_Wort/ufv/daSchreiber_085_5_sss_ex.ufv
/home/matt/esmeralda/lab/12_Wort/ufv/daSchreiber_086_5_sss_ex.ufv
/home/matt/esmeralda/lab/12_Wort/ufv/daSchreiber_087_5_sss_ex.ufv
/home/matt/esmeralda/lab/12_Wort/ufv/daSchreiber_088_5_sss_ex.ufv
/home/matt/esmeralda/lab/12_Wort/ufv/daSchreiber_089_5_sss_ex.ufv
/home/matt/esmeralda/lab/12_Wort/ufv/daSchreiber_090_5_sss_ex.ufv
/home/matt/esmeralda/lab/12_Wort/ufv/daSchreiber_091_5_sss_ex.ufv
/home/matt/esmeralda/lab/12_Wort/ufv/daSchreiber_092_5_sss_ex.ufv
/home/matt/esmeralda/lab/12_Wort/ufv/daSchreiber_093_5_sss_ex.ufv
/home/matt/esmeralda/lab/12_Wort/ufv/daSchreiber_094_5_sss_ex.ufv
/home/matt/esmeralda/lab/12_Wort/ufv/daSchreiber_095_5_sss_ex.ufv
/home/matt/esmeralda/lab/12_Wort/ufv/daSchreiber_096_5_sss_ex.ufv
/home/matt/esmeralda/lab/12_Wort/ufv/daSchreiber_097_5_sss_ex.ufv
/home/matt/esmeralda/lab/12_Wort/ufv/daSchreiber_098_5_sss_ex.ufv
/home/matt/esmeralda/lab/12_Wort/ufv/daSchreiber_099_5_sss_ex.ufv
/home/matt/esmeralda/lab/12_Wort/ufv/daSchreiber_100_5_sss_ex.ufv
/home/matt/esmeralda/lab/12_Wort/ufv/daSchreiber_101_5_sss_ex.ufv
/home/matt/esmeralda/lab/12_Wort/ufv/daSchreiber_102_5_sss_ex.ufv
/home/matt/esmeralda/lab/12_Wort/ufv/daSchreiber_103_5_sss_ex.ufv
/home/matt/esmeralda/lab/12_Wort/ufv/daSchreiber_104_5_sss_ex.ufv
/home/matt/esmeralda/lab/12_Wort/ufv/daSchreiber_105_5_sss_ex.ufv
/home/matt/esmeralda/lab/12_Wort/ufv/daSchreiber_106_5_sss_ex.ufv
/home/matt/esmeralda/lab/12_Wort/ufv/daSchreiber_107_5_sss_ex.ufv
/home/matt/esmeralda/lab/12_Wort/ufv/daSchreiber_108_5_sss_ex.ufv
/home/matt/esmeralda/lab/12_Wort/ufv/daSchreiber_110_5_sss_ex.ufv
/home/matt/esmeralda/lab/12_Wort/ufv/daSchreiber_111_5_sss_ex.ufv
/home/matt/esmeralda/lab/12_Wort/ufv/daSchreiber_112_5_sss_ex.ufv
/home/matt/esmeralda/lab/12_Wort/ufv/daSchreiber_113_5_sss_ex.ufv
/home/matt/esmeralda/lab/12_Wort/ufv/daSchreiber_114_5_sss_ex.ufv
/home/matt/esmeralda/lab/12_Wort/ufv/daSchreiber_115_5_sss_ex.ufv
/home/matt/esmeralda/lab/12_Wort/ufv/daSchreiber_116_5_sss_ex.ufv
/home/matt/esmeralda/lab/12_Wort/ufv/daSchreiber_117_5_sss_ex.ufv
/home/matt/esmeralda/lab/12_Wort/ufv/daSchreiber_118_5_sss_ex.ufv
/home/matt/esmeralda/lab/12_Wort/ufv/daSchreiber_119_5_sss_ex.ufv
/home/matt/esmeralda/lab/12_Wort/ufv/daSchreiber_120_5_sss_ex.ufv
/home/matt/esmeralda/lab/12_Wort/ufv/daSchreiber_121_5_sss_ex.ufv
/home/matt/esmeralda/lab/12_Wort/ufv/daSchreiber_122_5_sss_ex.ufv
/home/matt/esmeralda/lab/12_Wort/ufv/daSchreiber_123_5_sss_ex.ufv
/home/matt/esmeralda/lab/12_Wort/ufv/daSchreiber_124_5_sss_ex.ufv
/home/matt/esmeralda/lab/12_Wort/ufv/daSchreiber_125_5_sss_ex.ufv
/home/matt/esmeralda/lab/12_Wort/ufv/daSchreiber_126_5_sss_ex.ufv
/home/matt/esmeralda/lab/12_Wort/ufv/daSchreiber_127_5_sss_ex.ufv
/home/matt/esmeralda/lab/12_Wort/ufv/daSchreiber_128_5_sss_ex.ufv
/home/matt/esmeralda/lab/12_Wort/ufv/daSchreiber_129_5_sss_ex.ufv
/home/matt/esmeralda/lab/12_Wort/ufv/daSchreiber_130_5_sss_ex.ufv
/home/matt/esmeralda/lab/12_Wort/ufv/DSchreiber_000_5_sss_ex.ufv
/home/matt/esmeralda/lab/12_Wort/ufv/DSchreiber_002_5_sss_ex.ufv
/home/matt/esmeralda/lab/12_Wort/ufv/DSchreiber_003_5_sss_ex.ufv
/home/matt/esmeralda/lab/12_Wort/ufv/DSchreiber_010_5_sss_ex.ufv
/home/matt/esmeralda/lab/12_Wort/ufv/DSchreiber_011_5_sss_ex.ufv
/home/matt/esmeralda/lab/12_Wort/ufv/DSchreiber_013_5_sss_ex.ufv
/home/matt/esmeralda/lab/12_Wort/ufv/DSchreiber_014_5_sss_ex.ufv
/home/matt/esmeralda/lab/12_Wort/ufv/DSchreiber_015_5_sss_ex.ufv
/home/matt/esmeralda/lab/12_Wort/ufv/DSchreiber_016_5_sss_ex.ufv
/home/matt/esmeralda/lab/12_Wort/ufv/DSchreiber_017_5_sss_ex.ufv
/home/matt/esmeralda/lab/12_Wort/ufv/DSchreiber_018_5_sss_ex.ufv
/home/matt/esmeralda/lab/12_Wort/ufv/DSchreiber_021_5_sss_ex.ufv
/home/matt/esmeralda/lab/12_Wort/ufv/DSchreiber_022_5_sss_ex.ufv
/home/matt/esmeralda/lab/12_Wort/ufv/DSchreiber_023_5_sss_ex.ufv
/home/matt/esmeralda/lab/12_Wort/ufv/DSchreiber_027_5_sss_ex.ufv
/home/matt/esmeralda/lab/12_Wort/ufv/DSchreiber_028_5_sss_ex.ufv
/home/matt/esmeralda/lab/12_Wort/ufv/DSchreiber_029_5_sss_ex.ufv
/home/matt/esmeralda/lab/12_Wort/ufv/DSchreiber_030_5_sss_ex.ufv
/home/matt/esmeralda/lab/12_Wort/ufv/DSchreiber_031_5_sss_ex.ufv
/home/matt/esmeralda/lab/12_Wort/ufv/DSchreiber_032_5_sss_ex.ufv
/home/matt/esmeralda/lab/12_Wort/ufv/DSchreiber_033_5_sss_ex.ufv
/home/matt/esmeralda/lab/12_Wort/ufv/DSchreiber_035_5_sss_ex.ufv
/home/matt/esmeralda/lab/12_Wort/ufv/DSchreiber_036_5_sss_ex.ufv
/home/matt/esmeralda/lab/12_Wort/ufv/DSchreiber_037_5_sss_ex.ufv
/home/matt/esmeralda/lab/12_Wort/ufv/DSchreiber_038_5_sss_ex.ufv
/home/matt/esmeralda/lab/12_Wort/ufv/DSchreiber_039_5_sss_ex.ufv
/home/matt/esmeralda/lab/12_Wort/ufv/DSchreiber_040_5_sss_ex.ufv
/home/matt/esmeralda/lab/12_Wort/ufv/DSchreiber_041_5_sss_ex.ufv
/home/matt/esmeralda/lab/12_Wort/ufv/DSchreiber_042_5_sss_ex.ufv
/home/matt/esmeralda/lab/12_Wort/ufv/DSchreiber_043_5_sss_ex.ufv
/home/matt/esmeralda/lab/12_Wort/ufv/DSchreiber_044_5_sss_ex.ufv
/home/matt/esmeralda/lab/12_Wort/ufv/DSchreiber_045_5_sss_ex.ufv
/home/matt/esmeralda/lab/12_Wort/ufv/DSchreiber_046_5_sss_ex.ufv
/home/matt/esmeralda/lab/12_Wort/ufv/DSchreiber_049_5_sss_ex.ufv
/home/matt/esmeralda/lab/12_Wort/ufv/DSchreiber_050_5_sss_ex.ufv
/home/matt/esmeralda/lab/12_Wort/ufv/DSchreiber_051_5_sss_ex.ufv
/home/matt/esmeralda/lab/12_Wort/ufv/DSchreiber_052_5_sss_ex.ufv
/home/matt/esmeralda/lab/12_Wort/ufv/DSchreiber_056_5_sss_ex.ufv
/home/matt/esmeralda/lab/12_Wort/ufv/DSchreiber_057_5_sss_ex.ufv
/home/matt/esmeralda/lab/12_Wort/ufv/DSchreiber_058_5_sss_ex.ufv
/home/matt/esmeralda/lab/12_Wort/ufv/DSchreiber_059_5_sss_ex.ufv
/home/matt/esmeralda/lab/12_Wort/ufv/DSchreiber_060_5_sss_ex.ufv
/home/matt/esmeralda/lab/12_Wort/ufv/DSchreiber_061_5_sss_ex.ufv
/home/matt/esmeralda/lab/12_Wort/ufv/DSchreiber_062_5_sss_ex.ufv
/home/matt/esmeralda/lab/12_Wort/ufv/DSchreiber_063_5_sss_ex.ufv
/home/matt/esmeralda/lab/12_Wort/ufv/DSchreiber_064_5_sss_ex.ufv
/home/matt/esmeralda/lab/12_Wort/ufv/DSchreiber_065_5_sss_ex.ufv
/home/matt/esmeralda/lab/12_Wort/ufv/DSchreiber_067_5_sss_ex.ufv
/home/matt/esmeralda/lab/12_Wort/ufv/DSchreiber_068_5_sss_ex.ufv
/home/matt/esmeralda/lab/12_Wort/ufv/DSchreiber_069_5_sss_ex.ufv
/home/matt/esmeralda/lab/12_Wort/ufv/DSchreiber_076_5_sss_ex.ufv
/home/matt/esmeralda/lab/12_Wort/ufv/DSchreiber_077_5_sss_ex.ufv
/home/matt/esmeralda/lab/12_Wort/ufv/DSchreiber_078_5_sss_ex.ufv
/home/matt/esmeralda/lab/12_Wort/ufv/DSchreiber_079_5_sss_ex.ufv
/home/matt/esmeralda/lab/12_Wort/ufv/DSchreiber_080_5_sss_ex.ufv
/home/matt/esmeralda/lab/12_Wort/ufv/DSchreiber_081_5_sss_ex.ufv
/home/matt/esmeralda/lab/12_Wort/ufv/DSchreiber_082_5_sss_ex.ufv
/home/matt/esmeralda/lab/12_Wort/ufv/DSchreiber_083_5_sss_ex.ufv
/home/matt/esmeralda/lab/12_Wort/ufv/DSchreiber_084_5_sss_ex.ufv
/home/matt/esmeralda/lab/12_Wort/ufv/DSchreiber_085_5_sss_ex.ufv
/home/matt/esmeralda/lab/12_Wort/ufv/DSchreiber_086_5_sss_ex.ufv
/home/matt/esmeralda/lab/12_Wort/ufv/DSchreiber_087_5_sss_ex.ufv
/home/matt/esmeralda/lab/12_Wort/ufv/DSchreiber_088_5_sss_ex.ufv
/home/matt/esmeralda/lab/12_Wort/ufv/DSchreiber_089_5_sss_ex.ufv
/home/matt/esmeralda/lab/12_Wort/ufv/DSchreiber_090_5_sss_ex.ufv
/home/matt/esmeralda/lab/12_Wort/ufv/DSchreiber_091_5_sss_ex.ufv
/home/matt/esmeralda/lab/12_Wort/ufv/DSchreiber_092_5_sss_ex.ufv
/home/matt/esmeralda/lab/12_Wort/ufv/DSchreiber_093_5_sss_ex.ufv
/home/matt/esmeralda/lab/12_Wort/ufv/DSchreiber_094_5_sss_ex.ufv
/home/matt/esmeralda/lab/12_Wort/ufv/DSchreiber_095_5_sss_ex.ufv
/home/matt/esmeralda/lab/12_Wort/ufv/DSchreiber_096_5_sss_ex.ufv
/home/matt/esmeralda/lab/12_Wort/ufv/DSchreiber_097_5_sss_ex.ufv
/home/matt/esmeralda/lab/12_Wort/ufv/DSchreiber_098_5_sss_ex.ufv
/home/matt/esmeralda/lab/12_Wort/ufv/DSchreiber_099_5_sss_ex.ufv
/home/matt/esmeralda/lab/12_Wort/ufv/DSchreiber_100_5_sss_ex.ufv
/home/matt/esmeralda/lab/12_Wort/ufv/DSchreiber_101_5_sss_ex.ufv
/home/matt/esmeralda/lab/12_Wort/ufv/DSchreiber_102_5_sss_ex.ufv
/home/matt/esmeralda/lab/12_Wort/ufv/DSchreiber_103_5_sss_ex.ufv
/home/matt/esmeralda/lab/12_Wort/ufv/DSchreiber_104_5_sss_ex.ufv
/home/matt/esmeralda/lab/12_Wort/ufv/DSchreiber_105_5_sss_ex.ufv
/home/matt/esmeralda/lab/12_Wort/ufv/DSchreiber_106_5_sss_ex.ufv
/home/matt/esmeralda/lab/12_Wort/ufv/DSchreiber_107_5_sss_ex.ufv
/home/matt/esmeralda/lab/12_Wort/ufv/DSchreiber_108_5_sss_ex.ufv
/home/matt/esmeralda/lab/12_Wort/ufv/DSchreiber_110_5_sss_ex.ufv
/home/matt/esmeralda/lab/12_Wort/ufv/DSchreiber_111_5_sss_ex.ufv
/home/matt/esmeralda/lab/12_Wort/ufv/DSchreiber_112_5_sss_ex.ufv
/home/matt/esmeralda/lab/12_Wort/ufv/DSchreiber_113_5_sss_ex.ufv
/home/matt/esmeralda/lab/12_Wort/ufv/DSchreiber_114_5_sss_ex.ufv
/home/matt/esmeralda/lab/12_Wort/ufv/DSchreiber_115_5_sss_ex.ufv
/home/matt/esmeralda/lab/12_Wort/ufv/DSchreiber_116_5_sss_ex.ufv
/home/matt/esmeralda/lab/12_Wort/ufv/DSchreiber_117_5_sss_ex.ufv
/home/matt/esmeralda/lab/12_Wort/ufv/DSchreiber_118_5_sss_ex.ufv
/home/matt/esmeralda/lab/12_Wort/ufv/DSchreiber_119_5_sss_ex.ufv
/home/matt/esmeralda/lab/12_Wort/ufv/DSchreiber_120_5_sss_ex.ufv
/home/matt/esmeralda/lab/12_Wort/ufv/DSchreiber_121_5_sss_ex.ufv
/home/matt/esmeralda/lab/12_Wort/ufv/DSchreiber_122_5_sss_ex.ufv
/home/matt/esmeralda/lab/12_Wort/ufv/DSchreiber_123_5_sss_ex.ufv
/home/matt/esmeralda/lab/12_Wort/ufv/DSchreiber_124_5_sss_ex.ufv
/home/matt/esmeralda/lab/12_Wort/ufv/DSchreiber_125_5_sss_ex.ufv
/home/matt/esmeralda/lab/12_Wort/ufv/DSchreiber_126_5_sss_ex.ufv
/home/matt/esmeralda/lab/12_Wort/ufv/DSchreiber_127_5_sss_ex.ufv
/home/matt/esmeralda/lab/12_Wort/ufv/DSchreiber_128_5_sss_ex.ufv
/home/matt/esmeralda/lab/12_Wort/ufv/DSchreiber_129_5_sss_ex.ufv
/home/matt/esmeralda/lab/12_Wort/ufv/DSchreiber_130_5_sss_ex.ufv
/home/matt/esmeralda/lab/12_Wort/ufv/eSchreiber_000_5_sss_ex.ufv
/home/matt/esmeralda/lab/12_Wort/ufv/eSchreiber_002_5_sss_ex.ufv
/home/matt/esmeralda/lab/12_Wort/ufv/eSchreiber_003_5_sss_ex.ufv
/home/matt/esmeralda/lab/12_Wort/ufv/eSchreiber_010_5_sss_ex.ufv
/home/matt/esmeralda/lab/12_Wort/ufv/eSchreiber_011_5_sss_ex.ufv
/home/matt/esmeralda/lab/12_Wort/ufv/eSchreiber_013_5_sss_ex.ufv
/home/matt/esmeralda/lab/12_Wort/ufv/eSchreiber_014_5_sss_ex.ufv
/home/matt/esmeralda/lab/12_Wort/ufv/eSchreiber_015_5_sss_ex.ufv
/home/matt/esmeralda/lab/12_Wort/ufv/eSchreiber_016_5_sss_ex.ufv
/home/matt/esmeralda/lab/12_Wort/ufv/eSchreiber_017_5_sss_ex.ufv
/home/matt/esmeralda/lab/12_Wort/ufv/eSchreiber_018_5_sss_ex.ufv
/home/matt/esmeralda/lab/12_Wort/ufv/eSchreiber_021_5_sss_ex.ufv
/home/matt/esmeralda/lab/12_Wort/ufv/eSchreiber_022_5_sss_ex.ufv
/home/matt/esmeralda/lab/12_Wort/ufv/eSchreiber_023_5_sss_ex.ufv
/home/matt/esmeralda/lab/12_Wort/ufv/eSchreiber_027_5_sss_ex.ufv
/home/matt/esmeralda/lab/12_Wort/ufv/eSchreiber_028_5_sss_ex.ufv
/home/matt/esmeralda/lab/12_Wort/ufv/eSchreiber_029_5_sss_ex.ufv
/home/matt/esmeralda/lab/12_Wort/ufv/eSchreiber_030_5_sss_ex.ufv
/home/matt/esmeralda/lab/12_Wort/ufv/eSchreiber_031_5_sss_ex.ufv
/home/matt/esmeralda/lab/12_Wort/ufv/eSchreiber_032_5_sss_ex.ufv
/home/matt/esmeralda/lab/12_Wort/ufv/eSchreiber_033_5_sss_ex.ufv
/home/matt/esmeralda/lab/12_Wort/ufv/eSchreiber_035_5_sss_ex.ufv
/home/matt/esmeralda/lab/12_Wort/ufv/eSchreiber_036_5_sss_ex.ufv
/home/matt/esmeralda/lab/12_Wort/ufv/eSchreiber_037_5_sss_ex.ufv
/home/matt/esmeralda/lab/12_Wort/ufv/eSchreiber_038_5_sss_ex.ufv
/home/matt/esmeralda/lab/12_Wort/ufv/eSchreiber_039_5_sss_ex.ufv
/home/matt/esmeralda/lab/12_Wort/ufv/eSchreiber_040_5_sss_ex.ufv
/home/matt/esmeralda/lab/12_Wort/ufv/eSchreiber_041_5_sss_ex.ufv
/home/matt/esmeralda/lab/12_Wort/ufv/eSchreiber_042_5_sss_ex.ufv
/home/matt/esmeralda/lab/12_Wort/ufv/eSchreiber_043_5_sss_ex.ufv
/home/matt/esmeralda/lab/12_Wort/ufv/eSchreiber_044_5_sss_ex.ufv
/home/matt/esmeralda/lab/12_Wort/ufv/eSchreiber_045_5_sss_ex.ufv
/home/matt/esmeralda/lab/12_Wort/ufv/eSchreiber_046_5_sss_ex.ufv
/home/matt/esmeralda/lab/12_Wort/ufv/eSchreiber_049_5_sss_ex.ufv
/home/matt/esmeralda/lab/12_Wort/ufv/eSchreiber_050_5_sss_ex.ufv
/home/matt/esmeralda/lab/12_Wort/ufv/eSchreiber_051_5_sss_ex.ufv
/home/matt/esmeralda/lab/12_Wort/ufv/eSchreiber_052_5_sss_ex.ufv
/home/matt/esmeralda/lab/12_Wort/ufv/eSchreiber_056_5_sss_ex.ufv
/home/matt/esmeralda/lab/12_Wort/ufv/eSchreiber_057_5_sss_ex.ufv
/home/matt/esmeralda/lab/12_Wort/ufv/eSchreiber_058_5_sss_ex.ufv
/home/matt/esmeralda/lab/12_Wort/ufv/eSchreiber_059_5_sss_ex.ufv
/home/matt/esmeralda/lab/12_Wort/ufv/eSchreiber_060_5_sss_ex.ufv
/home/matt/esmeralda/lab/12_Wort/ufv/eSchreiber_061_5_sss_ex.ufv
/home/matt/esmeralda/lab/12_Wort/ufv/eSchreiber_062_5_sss_ex.ufv
/home/matt/esmeralda/lab/12_Wort/ufv/eSchreiber_063_5_sss_ex.ufv
/home/matt/esmeralda/lab/12_Wort/ufv/eSchreiber_064_5_sss_ex.ufv
/home/matt/esmeralda/lab/12_Wort/ufv/eSchreiber_065_5_sss_ex.ufv
/home/matt/esmeralda/lab/12_Wort/ufv/eSchreiber_067_5_sss_ex.ufv
/home/matt/esmeralda/lab/12_Wort/ufv/eSchreiber_068_5_sss_ex.ufv
/home/matt/esmeralda/lab/12_Wort/ufv/eSchreiber_069_5_sss_ex.ufv
/home/matt/esmeralda/lab/12_Wort/ufv/eSchreiber_076_5_sss_ex.ufv
/home/matt/esmeralda/lab/12_Wort/ufv/eSchreiber_077_5_sss_ex.ufv
/home/matt/esmeralda/lab/12_Wort/ufv/eSchreiber_078_5_sss_ex.ufv
/home/matt/esmeralda/lab/12_Wort/ufv/eSchreiber_079_5_sss_ex.ufv
/home/matt/esmeralda/lab/12_Wort/ufv/eSchreiber_080_5_sss_ex.ufv
/home/matt/esmeralda/lab/12_Wort/ufv/eSchreiber_081_5_sss_ex.ufv
/home/matt/esmeralda/lab/12_Wort/ufv/eSchreiber_082_5_sss_ex.ufv
/home/matt/esmeralda/lab/12_Wort/ufv/eSchreiber_083_5_sss_ex.ufv
/home/matt/esmeralda/lab/12_Wort/ufv/eSchreiber_084_5_sss_ex.ufv
/home/matt/esmeralda/lab/12_Wort/ufv/eSchreiber_085_5_sss_ex.ufv
/home/matt/esmeralda/lab/12_Wort/ufv/eSchreiber_086_5_sss_ex.ufv
/home/matt/esmeralda/lab/12_Wort/ufv/eSchreiber_087_5_sss_ex.ufv
/home/matt/esmeralda/lab/12_Wort/ufv/eSchreiber_088_5_sss_ex.ufv
/home/matt/esmeralda/lab/12_Wort/ufv/eSchreiber_089_5_sss_ex.ufv
/home/matt/esmeralda/lab/12_Wort/ufv/eSchreiber_090_5_sss_ex.ufv
/home/matt/esmeralda/lab/12_Wort/ufv/eSchreiber_091_5_sss_ex.ufv
/home/matt/esmeralda/lab/12_Wort/ufv/eSchreiber_092_5_sss_ex.ufv
/home/matt/esmeralda/lab/12_Wort/ufv/eSchreiber_093_5_sss_ex.ufv
/home/matt/esmeralda/lab/12_Wort/ufv/eSchreiber_094_5_sss_ex.ufv
/home/matt/esmeralda/lab/12_Wort/ufv/eSchreiber_095_5_sss_ex.ufv
/home/matt/esmeralda/lab/12_Wort/ufv/eSchreiber_096_5_sss_ex.ufv
/home/matt/esmeralda/lab/12_Wort/ufv/eSchreiber_097_5_sss_ex.ufv
/home/matt/esmeralda/lab/12_Wort/ufv/eSchreiber_098_5_sss_ex.ufv
/home/matt/esmeralda/lab/12_Wort/ufv/eSchreiber_099_5_sss_ex.ufv
/home/matt/esmeralda/lab/12_Wort/ufv/eSchreiber_100_5_sss_ex.ufv
/home/matt/esmeralda/lab/12_Wort/ufv/eSchreiber_101_5_sss_ex.ufv
/home/matt/esmeralda/lab/12_Wort/ufv/eSchreiber_102_5_sss_ex.ufv
/home/matt/esmeralda/lab/12_Wort/ufv/eSchreiber_103_5_sss_ex.ufv
/home/matt/esmeralda/lab/12_Wort/ufv/eSchreiber_104_5_sss_ex.ufv
/home/matt/esmeralda/lab/12_Wort/ufv/eSchreiber_105_5_sss_ex.ufv
/home/matt/esmeralda/lab/12_Wort/ufv/eSchreiber_106_5_sss_ex.ufv
/home/matt/esmeralda/lab/12_Wort/ufv/eSchreiber_107_5_sss_ex.ufv
/home/matt/esmeralda/lab/12_Wort/ufv/eSchreiber_108_5_sss_ex.ufv
/home/matt/esmeralda/lab/12_Wort/ufv/eSchreiber_110_5_sss_ex.ufv
/home/matt/esmeralda/lab/12_Wort/ufv/eSchreiber_111_5_sss_ex.ufv
/home/matt/esmeralda/lab/12_Wort/ufv/eSchreiber_112_5_sss_ex.ufv
/home/matt/esmeralda/lab/12_Wort/ufv/eSchreiber_113_5_sss_ex.ufv
/home/matt/esmeralda/lab/12_Wort/ufv/eSchreiber_114_5_sss_ex.ufv
/home/matt/esmeralda/lab/12_Wort/ufv/eSchreiber_115_5_sss_ex.ufv
/home/matt/esmeralda/lab/12_Wort/ufv/eSchreiber_116_5_sss_ex.ufv
/home/matt/esmeralda/lab/12_Wort/ufv/eSchreiber_117_5_sss_ex.ufv
/home/matt/esmeralda/lab/12_Wort/ufv/eSchreiber_118_5_sss_ex.ufv
/home/matt/esmeralda/lab/12_Wort/ufv/eSchreiber_119_5_sss_ex.ufv
/home/matt/esmeralda/lab/12_Wort/ufv/eSchreiber_120_5_sss_ex.ufv
/home/matt/esmeralda/lab/12_Wort/ufv/eSchreiber_121_5_sss_ex.ufv
/home/matt/esmeralda/lab/12_Wort/ufv/eSchreiber_122_5_sss_ex.ufv
/home/matt/esmeralda/lab/12_Wort/ufv/eSchreiber_123_5_sss_ex.ufv
/home/matt/esmeralda/lab/12_Wort/ufv/eSchreiber_124_5_sss_ex.ufv
/home/matt/esmeralda/lab/12_Wort/ufv/eSchreiber_125_5_sss_ex.ufv
/home/matt/esmeralda/lab/12_Wort/ufv/eSchreiber_126_5_sss_ex.ufv
/home/matt/esmeralda/lab/12_Wort/ufv/eSchreiber_127_5_sss_ex.ufv
/home/matt/esmeralda/lab/12_Wort/ufv/eSchreiber_128_5_sss_ex.ufv
/home/matt/esmeralda/lab/12_Wort/ufv/eSchreiber_129_5_sss_ex.ufv
/home/matt/esmeralda/lab/12_Wort/ufv/eSchreiber_130_5_sss_ex.ufv
/home/matt/esmeralda/lab/12_Wort/ufv/GSchreiber_000_5_sss_ex.ufv
/home/matt/esmeralda/lab/12_Wort/ufv/GSchreiber_002_5_sss_ex.ufv
/home/matt/esmeralda/lab/12_Wort/ufv/GSchreiber_003_5_sss_ex.ufv
/home/matt/esmeralda/lab/12_Wort/ufv/GSchreiber_010_5_sss_ex.ufv
/home/matt/esmeralda/lab/12_Wort/ufv/GSchreiber_011_5_sss_ex.ufv
/home/matt/esmeralda/lab/12_Wort/ufv/GSchreiber_013_5_sss_ex.ufv
/home/matt/esmeralda/lab/12_Wort/ufv/GSchreiber_014_5_sss_ex.ufv
/home/matt/esmeralda/lab/12_Wort/ufv/GSchreiber_015_5_sss_ex.ufv
/home/matt/esmeralda/lab/12_Wort/ufv/GSchreiber_016_5_sss_ex.ufv
/home/matt/esmeralda/lab/12_Wort/ufv/GSchreiber_017_5_sss_ex.ufv
/home/matt/esmeralda/lab/12_Wort/ufv/GSchreiber_018_5_sss_ex.ufv
/home/matt/esmeralda/lab/12_Wort/ufv/GSchreiber_021_5_sss_ex.ufv
/home/matt/esmeralda/lab/12_Wort/ufv/GSchreiber_022_5_sss_ex.ufv
/home/matt/esmeralda/lab/12_Wort/ufv/GSchreiber_023_5_sss_ex.ufv
/home/matt/esmeralda/lab/12_Wort/ufv/GSchreiber_027_5_sss_ex.ufv
/home/matt/esmeralda/lab/12_Wort/ufv/GSchreiber_028_5_sss_ex.ufv
/home/matt/esmeralda/lab/12_Wort/ufv/GSchreiber_029_5_sss_ex.ufv
/home/matt/esmeralda/lab/12_Wort/ufv/GSchreiber_030_5_sss_ex.ufv
/home/matt/esmeralda/lab/12_Wort/ufv/GSchreiber_031_5_sss_ex.ufv
/home/matt/esmeralda/lab/12_Wort/ufv/GSchreiber_032_5_sss_ex.ufv
/home/matt/esmeralda/lab/12_Wort/ufv/GSchreiber_033_5_sss_ex.ufv
/home/matt/esmeralda/lab/12_Wort/ufv/GSchreiber_035_5_sss_ex.ufv
/home/matt/esmeralda/lab/12_Wort/ufv/GSchreiber_036_5_sss_ex.ufv
/home/matt/esmeralda/lab/12_Wort/ufv/GSchreiber_037_5_sss_ex.ufv
/home/matt/esmeralda/lab/12_Wort/ufv/GSchreiber_038_5_sss_ex.ufv
/home/matt/esmeralda/lab/12_Wort/ufv/GSchreiber_039_5_sss_ex.ufv
/home/matt/esmeralda/lab/12_Wort/ufv/GSchreiber_040_5_sss_ex.ufv
/home/matt/esmeralda/lab/12_Wort/ufv/GSchreiber_041_5_sss_ex.ufv
/home/matt/esmeralda/lab/12_Wort/ufv/GSchreiber_042_5_sss_ex.ufv
/home/matt/esmeralda/lab/12_Wort/ufv/GSchreiber_043_5_sss_ex.ufv
/home/matt/esmeralda/lab/12_Wort/ufv/GSchreiber_044_5_sss_ex.ufv
/home/matt/esmeralda/lab/12_Wort/ufv/GSchreiber_045_5_sss_ex.ufv
/home/matt/esmeralda/lab/12_Wort/ufv/GSchreiber_046_5_sss_ex.ufv
/home/matt/esmeralda/lab/12_Wort/ufv/GSchreiber_049_5_sss_ex.ufv
/home/matt/esmeralda/lab/12_Wort/ufv/GSchreiber_050_5_sss_ex.ufv
/home/matt/esmeralda/lab/12_Wort/ufv/GSchreiber_051_5_sss_ex.ufv
/home/matt/esmeralda/lab/12_Wort/ufv/GSchreiber_052_5_sss_ex.ufv
/home/matt/esmeralda/lab/12_Wort/ufv/GSchreiber_056_5_sss_ex.ufv
/home/matt/esmeralda/lab/12_Wort/ufv/GSchreiber_057_5_sss_ex.ufv
/home/matt/esmeralda/lab/12_Wort/ufv/GSchreiber_058_5_sss_ex.ufv
/home/matt/esmeralda/lab/12_Wort/ufv/GSchreiber_059_5_sss_ex.ufv
/home/matt/esmeralda/lab/12_Wort/ufv/GSchreiber_060_5_sss_ex.ufv
/home/matt/esmeralda/lab/12_Wort/ufv/GSchreiber_061_5_sss_ex.ufv
/home/matt/esmeralda/lab/12_Wort/ufv/GSchreiber_062_5_sss_ex.ufv
/home/matt/esmeralda/lab/12_Wort/ufv/GSchreiber_063_5_sss_ex.ufv
/home/matt/esmeralda/lab/12_Wort/ufv/GSchreiber_064_5_sss_ex.ufv
/home/matt/esmeralda/lab/12_Wort/ufv/GSchreiber_065_5_sss_ex.ufv
/home/matt/esmeralda/lab/12_Wort/ufv/GSchreiber_067_5_sss_ex.ufv
/home/matt/esmeralda/lab/12_Wort/ufv/GSchreiber_068_5_sss_ex.ufv
/home/matt/esmeralda/lab/12_Wort/ufv/GSchreiber_069_5_sss_ex.ufv
/home/matt/esmeralda/lab/12_Wort/ufv/GSchreiber_076_5_sss_ex.ufv
/home/matt/esmeralda/lab/12_Wort/ufv/GSchreiber_077_5_sss_ex.ufv
/home/matt/esmeralda/lab/12_Wort/ufv/GSchreiber_078_5_sss_ex.ufv
/home/matt/esmeralda/lab/12_Wort/ufv/GSchreiber_079_5_sss_ex.ufv
/home/matt/esmeralda/lab/12_Wort/ufv/GSchreiber_080_5_sss_ex.ufv
/home/matt/esmeralda/lab/12_Wort/ufv/GSchreiber_081_5_sss_ex.ufv
/home/matt/esmeralda/lab/12_Wort/ufv/GSchreiber_082_5_sss_ex.ufv
/home/matt/esmeralda/lab/12_Wort/ufv/GSchreiber_083_5_sss_ex.ufv
/home/matt/esmeralda/lab/12_Wort/ufv/GSchreiber_084_5_sss_ex.ufv
/home/matt/esmeralda/lab/12_Wort/ufv/GSchreiber_085_5_sss_ex.ufv
/home/matt/esmeralda/lab/12_Wort/ufv/GSchreiber_086_5_sss_ex.ufv
/home/matt/esmeralda/lab/12_Wort/ufv/GSchreiber_087_5_sss_ex.ufv
/home/matt/esmeralda/lab/12_Wort/ufv/GSchreiber_088_5_sss_ex.ufv
/home/matt/esmeralda/lab/12_Wort/ufv/GSchreiber_089_5_sss_ex.ufv
/home/matt/esmeralda/lab/12_Wort/ufv/GSchreiber_090_5_sss_ex.ufv
/home/matt/esmeralda/lab/12_Wort/ufv/GSchreiber_091_5_sss_ex.ufv
/home/matt/esmeralda/lab/12_Wort/ufv/GSchreiber_092_5_sss_ex.ufv
/home/matt/esmeralda/lab/12_Wort/ufv/GSchreiber_093_5_sss_ex.ufv
/home/matt/esmeralda/lab/12_Wort/ufv/GSchreiber_094_5_sss_ex.ufv
/home/matt/esmeralda/lab/12_Wort/ufv/GSchreiber_095_5_sss_ex.ufv
/home/matt/esmeralda/lab/12_Wort/ufv/GSchreiber_096_5_sss_ex.ufv
/home/matt/esmeralda/lab/12_Wort/ufv/GSchreiber_097_5_sss_ex.ufv
/home/matt/esmeralda/lab/12_Wort/ufv/GSchreiber_098_5_sss_ex.ufv
/home/matt/esmeralda/lab/12_Wort/ufv/GSchreiber_099_5_sss_ex.ufv
/home/matt/esmeralda/lab/12_Wort/ufv/GSchreiber_100_5_sss_ex.ufv
/home/matt/esmeralda/lab/12_Wort/ufv/GSchreiber_101_5_sss_ex.ufv
/home/matt/esmeralda/lab/12_Wort/ufv/GSchreiber_102_5_sss_ex.ufv
/home/matt/esmeralda/lab/12_Wort/ufv/GSchreiber_103_5_sss_ex.ufv
/home/matt/esmeralda/lab/12_Wort/ufv/GSchreiber_104_5_sss_ex.ufv
/home/matt/esmeralda/lab/12_Wort/ufv/GSchreiber_105_5_sss_ex.ufv
/home/matt/esmeralda/lab/12_Wort/ufv/GSchreiber_106_5_sss_ex.ufv
/home/matt/esmeralda/lab/12_Wort/ufv/GSchreiber_107_5_sss_ex.ufv
/home/matt/esmeralda/lab/12_Wort/ufv/GSchreiber_108_5_sss_ex.ufv
/home/matt/esmeralda/lab/12_Wort/ufv/GSchreiber_110_5_sss_ex.ufv
/home/matt/esmeralda/lab/12_Wort/ufv/GSchreiber_111_5_sss_ex.ufv
/home/matt/esmeralda/lab/12_Wort/ufv/GSchreiber_112_5_sss_ex.ufv
/home/matt/esmeralda/lab/12_Wort/ufv/GSchreiber_113_5_sss_ex.ufv
/home/matt/esmeralda/lab/12_Wort/ufv/GSchreiber_114_5_sss_ex.ufv
/home/matt/esmeralda/lab/12_Wort/ufv/GSchreiber_115_5_sss_ex.ufv
/home/matt/esmeralda/lab/12_Wort/ufv/GSchreiber_116_5_sss_ex.ufv
/home/matt/esmeralda/lab/12_Wort/ufv/GSchreiber_117_5_sss_ex.ufv
/home/matt/esmeralda/lab/12_Wort/ufv/GSchreiber_118_5_sss_ex.ufv
/home/matt/esmeralda/lab/12_Wort/ufv/GSchreiber_119_5_sss_ex.ufv
/home/matt/esmeralda/lab/12_Wort/ufv/GSchreiber_120_5_sss_ex.ufv
/home/matt/esmeralda/lab/12_Wort/ufv/GSchreiber_121_5_sss_ex.ufv
/home/matt/esmeralda/lab/12_Wort/ufv/GSchreiber_122_5_sss_ex.ufv
/home/matt/esmeralda/lab/12_Wort/ufv/GSchreiber_123_5_sss_ex.ufv
/home/matt/esmeralda/lab/12_Wort/ufv/GSchreiber_124_5_sss_ex.ufv
/home/matt/esmeralda/lab/12_Wort/ufv/GSchreiber_125_5_sss_ex.ufv
/home/matt/esmeralda/lab/12_Wort/ufv/GSchreiber_126_5_sss_ex.ufv
/home/matt/esmeralda/lab/12_Wort/ufv/GSchreiber_127_5_sss_ex.ufv
/home/matt/esmeralda/lab/12_Wort/ufv/GSchreiber_128_5_sss_ex.ufv
/home/matt/esmeralda/lab/12_Wort/ufv/GSchreiber_129_5_sss_ex.ufv
/home/matt/esmeralda/lab/12_Wort/ufv/GSchreiber_130_5_sss_ex.ufv
/home/matt/esmeralda/lab/12_Wort/ufv/ibSchreiber_000_5_sss_ex.ufv
/home/matt/esmeralda/lab/12_Wort/ufv/ibSchreiber_002_5_sss_ex.ufv
/home/matt/esmeralda/lab/12_Wort/ufv/ibSchreiber_003_5_sss_ex.ufv
/home/matt/esmeralda/lab/12_Wort/ufv/ibSchreiber_010_5_sss_ex.ufv
/home/matt/esmeralda/lab/12_Wort/ufv/ibSchreiber_011_5_sss_ex.ufv
/home/matt/esmeralda/lab/12_Wort/ufv/ibSchreiber_013_5_sss_ex.ufv
/home/matt/esmeralda/lab/12_Wort/ufv/ibSchreiber_014_5_sss_ex.ufv
/home/matt/esmeralda/lab/12_Wort/ufv/ibSchreiber_015_5_sss_ex.ufv
/home/matt/esmeralda/lab/12_Wort/ufv/ibSchreiber_016_5_sss_ex.ufv
/home/matt/esmeralda/lab/12_Wort/ufv/ibSchreiber_017_5_sss_ex.ufv
/home/matt/esmeralda/lab/12_Wort/ufv/ibSchreiber_018_5_sss_ex.ufv
/home/matt/esmeralda/lab/12_Wort/ufv/ibSchreiber_021_5_sss_ex.ufv
/home/matt/esmeralda/lab/12_Wort/ufv/ibSchreiber_022_5_sss_ex.ufv
/home/matt/esmeralda/lab/12_Wort/ufv/ibSchreiber_023_5_sss_ex.ufv
/home/matt/esmeralda/lab/12_Wort/ufv/ibSchreiber_027_5_sss_ex.ufv
/home/matt/esmeralda/lab/12_Wort/ufv/ibSchreiber_028_5_sss_ex.ufv
/home/matt/esmeralda/lab/12_Wort/ufv/ibSchreiber_029_5_sss_ex.ufv
/home/matt/esmeralda/lab/12_Wort/ufv/ibSchreiber_030_5_sss_ex.ufv
/home/matt/esmeralda/lab/12_Wort/ufv/ibSchreiber_031_5_sss_ex.ufv
/home/matt/esmeralda/lab/12_Wort/ufv/ibSchreiber_032_5_sss_ex.ufv
/home/matt/esmeralda/lab/12_Wort/ufv/ibSchreiber_033_5_sss_ex.ufv
/home/matt/esmeralda/lab/12_Wort/ufv/ibSchreiber_035_5_sss_ex.ufv
/home/matt/esmeralda/lab/12_Wort/ufv/ibSchreiber_036_5_sss_ex.ufv
/home/matt/esmeralda/lab/12_Wort/ufv/ibSchreiber_037_5_sss_ex.ufv
/home/matt/esmeralda/lab/12_Wort/ufv/ibSchreiber_038_5_sss_ex.ufv
/home/matt/esmeralda/lab/12_Wort/ufv/ibSchreiber_039_5_sss_ex.ufv
/home/matt/esmeralda/lab/12_Wort/ufv/ibSchreiber_040_5_sss_ex.ufv
/home/matt/esmeralda/lab/12_Wort/ufv/ibSchreiber_041_5_sss_ex.ufv
/home/matt/esmeralda/lab/12_Wort/ufv/ibSchreiber_042_5_sss_ex.ufv
/home/matt/esmeralda/lab/12_Wort/ufv/ibSchreiber_043_5_sss_ex.ufv
/home/matt/esmeralda/lab/12_Wort/ufv/ibSchreiber_044_5_sss_ex.ufv
/home/matt/esmeralda/lab/12_Wort/ufv/ibSchreiber_045_5_sss_ex.ufv
/home/matt/esmeralda/lab/12_Wort/ufv/ibSchreiber_046_5_sss_ex.ufv
/home/matt/esmeralda/lab/12_Wort/ufv/ibSchreiber_049_5_sss_ex.ufv
/home/matt/esmeralda/lab/12_Wort/ufv/ibSchreiber_050_5_sss_ex.ufv
/home/matt/esmeralda/lab/12_Wort/ufv/ibSchreiber_051_5_sss_ex.ufv
/home/matt/esmeralda/lab/12_Wort/ufv/ibSchreiber_052_5_sss_ex.ufv
/home/matt/esmeralda/lab/12_Wort/ufv/ibSchreiber_056_5_sss_ex.ufv
/home/matt/esmeralda/lab/12_Wort/ufv/ibSchreiber_057_5_sss_ex.ufv
/home/matt/esmeralda/lab/12_Wort/ufv/ibSchreiber_058_5_sss_ex.ufv
/home/matt/esmeralda/lab/12_Wort/ufv/ibSchreiber_059_5_sss_ex.ufv
/home/matt/esmeralda/lab/12_Wort/ufv/ibSchreiber_060_5_sss_ex.ufv
/home/matt/esmeralda/lab/12_Wort/ufv/ibSchreiber_061_5_sss_ex.ufv
/home/matt/esmeralda/lab/12_Wort/ufv/ibSchreiber_062_5_sss_ex.ufv
/home/matt/esmeralda/lab/12_Wort/ufv/ibSchreiber_063_5_sss_ex.ufv
/home/matt/esmeralda/lab/12_Wort/ufv/ibSchreiber_064_5_sss_ex.ufv
/home/matt/esmeralda/lab/12_Wort/ufv/ibSchreiber_065_5_sss_ex.ufv
/home/matt/esmeralda/lab/12_Wort/ufv/ibSchreiber_067_5_sss_ex.ufv
/home/matt/esmeralda/lab/12_Wort/ufv/ibSchreiber_068_5_sss_ex.ufv
/home/matt/esmeralda/lab/12_Wort/ufv/ibSchreiber_069_5_sss_ex.ufv
/home/matt/esmeralda/lab/12_Wort/ufv/ibSchreiber_076_5_sss_ex.ufv
/home/matt/esmeralda/lab/12_Wort/ufv/ibSchreiber_077_5_sss_ex.ufv
/home/matt/esmeralda/lab/12_Wort/ufv/ibSchreiber_078_5_sss_ex.ufv
/home/matt/esmeralda/lab/12_Wort/ufv/ibSchreiber_079_5_sss_ex.ufv
/home/matt/esmeralda/lab/12_Wort/ufv/ibSchreiber_080_5_sss_ex.ufv
/home/matt/esmeralda/lab/12_Wort/ufv/ibSchreiber_081_5_sss_ex.ufv
/home/matt/esmeralda/lab/12_Wort/ufv/ibSchreiber_082_5_sss_ex.ufv
/home/matt/esmeralda/lab/12_Wort/ufv/ibSchreiber_083_5_sss_ex.ufv
/home/matt/esmeralda/lab/12_Wort/ufv/ibSchreiber_084_5_sss_ex.ufv
/home/matt/esmeralda/lab/12_Wort/ufv/ibSchreiber_085_5_sss_ex.ufv
/home/matt/esmeralda/lab/12_Wort/ufv/ibSchreiber_086_5_sss_ex.ufv
/home/matt/esmeralda/lab/12_Wort/ufv/ibSchreiber_087_5_sss_ex.ufv
/home/matt/esmeralda/lab/12_Wort/ufv/ibSchreiber_088_5_sss_ex.ufv
/home/matt/esmeralda/lab/12_Wort/ufv/ibSchreiber_089_5_sss_ex.ufv
/home/matt/esmeralda/lab/12_Wort/ufv/ibSchreiber_090_5_sss_ex.ufv
/home/matt/esmeralda/lab/12_Wort/ufv/ibSchreiber_091_5_sss_ex.ufv
/home/matt/esmeralda/lab/12_Wort/ufv/ibSchreiber_092_5_sss_ex.ufv
/home/matt/esmeralda/lab/12_Wort/ufv/ibSchreiber_093_5_sss_ex.ufv
/home/matt/esmeralda/lab/12_Wort/ufv/ibSchreiber_094_5_sss_ex.ufv
/home/matt/esmeralda/lab/12_Wort/ufv/ibSchreiber_095_5_sss_ex.ufv
/home/matt/esmeralda/lab/12_Wort/ufv/ibSchreiber_096_5_sss_ex.ufv
/home/matt/esmeralda/lab/12_Wort/ufv/ibSchreiber_097_5_sss_ex.ufv
/home/matt/esmeralda/lab/12_Wort/ufv/ibSchreiber_098_5_sss_ex.ufv
/home/matt/esmeralda/lab/12_Wort/ufv/ibSchreiber_099_5_sss_ex.ufv
/home/matt/esmeralda/lab/12_Wort/ufv/ibSchreiber_100_5_sss_ex.ufv
/home/matt/esmeralda/lab/12_Wort/ufv/ibSchreiber_101_5_sss_ex.ufv
/home/matt/esmeralda/lab/12_Wort/ufv/ibSchreiber_102_5_sss_ex.ufv
/home/matt/esmeralda/lab/12_Wort/ufv/ibSchreiber_103_5_sss_ex.ufv
/home/matt/esmeralda/lab/12_Wort/ufv/ibSchreiber_104_5_sss_ex.ufv
/home/matt/esmeralda/lab/12_Wort/ufv/ibSchreiber_105_5_sss_ex.ufv
/home/matt/esmeralda/lab/12_Wort/ufv/ibSchreiber_106_5_sss_ex.ufv
/home/matt/esmeralda/lab/12_Wort/ufv/ibSchreiber_107_5_sss_ex.ufv
/home/matt/esmeralda/lab/12_Wort/ufv/ibSchreiber_108_5_sss_ex.ufv
/home/matt/esmeralda/lab/12_Wort/ufv/ibSchreiber_110_5_sss_ex.ufv
/home/matt/esmeralda/lab/12_Wort/ufv/ibSchreiber_111_5_sss_ex.ufv
/home/matt/esmeralda/lab/12_Wort/ufv/ibSchreiber_112_5_sss_ex.ufv
/home/matt/esmeralda/lab/12_Wort/ufv/ibSchreiber_113_5_sss_ex.ufv
/home/matt/esmeralda/lab/12_Wort/ufv/ibSchreiber_114_5_sss_ex.ufv
/home/matt/esmeralda/lab/12_Wort/ufv/ibSchreiber_115_5_sss_ex.ufv
/home/matt/esmeralda/lab/12_Wort/ufv/ibSchreiber_116_5_sss_ex.ufv
/home/matt/esmeralda/lab/12_Wort/ufv/ibSchreiber_117_5_sss_ex.ufv
/home/matt/esmeralda/lab/12_Wort/ufv/ibSchreiber_118_5_sss_ex.ufv
/home/matt/esmeralda/lab/12_Wort/ufv/ibSchreiber_119_5_sss_ex.ufv
/home/matt/esmeralda/lab/12_Wort/ufv/ibSchreiber_120_5_sss_ex.ufv
/home/matt/esmeralda/lab/12_Wort/ufv/ibSchreiber_121_5_sss_ex.ufv
/home/matt/esmeralda/lab/12_Wort/ufv/ibSchreiber_122_5_sss_ex.ufv
/home/matt/esmeralda/lab/12_Wort/ufv/ibSchreiber_123_5_sss_ex.ufv
/home/matt/esmeralda/lab/12_Wort/ufv/ibSchreiber_124_5_sss_ex.ufv
/home/matt/esmeralda/lab/12_Wort/ufv/ibSchreiber_125_5_sss_ex.ufv
/home/matt/esmeralda/lab/12_Wort/ufv/ibSchreiber_126_5_sss_ex.ufv
/home/matt/esmeralda/lab/12_Wort/ufv/ibSchreiber_127_5_sss_ex.ufv
/home/matt/esmeralda/lab/12_Wort/ufv/ibSchreiber_128_5_sss_ex.ufv
/home/matt/esmeralda/lab/12_Wort/ufv/ibSchreiber_129_5_sss_ex.ufv
/home/matt/esmeralda/lab/12_Wort/ufv/ibSchreiber_130_5_sss_ex.ufv
/home/matt/esmeralda/lab/12_Wort/ufv/MSchreiber_000_5_sss_ex.ufv
/home/matt/esmeralda/lab/12_Wort/ufv/MSchreiber_002_5_sss_ex.ufv
/home/matt/esmeralda/lab/12_Wort/ufv/MSchreiber_003_5_sss_ex.ufv
/home/matt/esmeralda/lab/12_Wort/ufv/MSchreiber_010_5_sss_ex.ufv
/home/matt/esmeralda/lab/12_Wort/ufv/MSchreiber_011_5_sss_ex.ufv
/home/matt/esmeralda/lab/12_Wort/ufv/MSchreiber_013_5_sss_ex.ufv
/home/matt/esmeralda/lab/12_Wort/ufv/MSchreiber_014_5_sss_ex.ufv
/home/matt/esmeralda/lab/12_Wort/ufv/MSchreiber_015_5_sss_ex.ufv
/home/matt/esmeralda/lab/12_Wort/ufv/MSchreiber_016_5_sss_ex.ufv
/home/matt/esmeralda/lab/12_Wort/ufv/MSchreiber_017_5_sss_ex.ufv
/home/matt/esmeralda/lab/12_Wort/ufv/MSchreiber_018_5_sss_ex.ufv
/home/matt/esmeralda/lab/12_Wort/ufv/MSchreiber_021_5_sss_ex.ufv
/home/matt/esmeralda/lab/12_Wort/ufv/MSchreiber_022_5_sss_ex.ufv
/home/matt/esmeralda/lab/12_Wort/ufv/MSchreiber_023_5_sss_ex.ufv
/home/matt/esmeralda/lab/12_Wort/ufv/MSchreiber_027_5_sss_ex.ufv
/home/matt/esmeralda/lab/12_Wort/ufv/MSchreiber_028_5_sss_ex.ufv
/home/matt/esmeralda/lab/12_Wort/ufv/MSchreiber_029_5_sss_ex.ufv
/home/matt/esmeralda/lab/12_Wort/ufv/MSchreiber_030_5_sss_ex.ufv
/home/matt/esmeralda/lab/12_Wort/ufv/MSchreiber_031_5_sss_ex.ufv
/home/matt/esmeralda/lab/12_Wort/ufv/MSchreiber_032_5_sss_ex.ufv
/home/matt/esmeralda/lab/12_Wort/ufv/MSchreiber_033_5_sss_ex.ufv
/home/matt/esmeralda/lab/12_Wort/ufv/MSchreiber_035_5_sss_ex.ufv
/home/matt/esmeralda/lab/12_Wort/ufv/MSchreiber_036_5_sss_ex.ufv
/home/matt/esmeralda/lab/12_Wort/ufv/MSchreiber_037_5_sss_ex.ufv
/home/matt/esmeralda/lab/12_Wort/ufv/MSchreiber_038_5_sss_ex.ufv
/home/matt/esmeralda/lab/12_Wort/ufv/MSchreiber_039_5_sss_ex.ufv
/home/matt/esmeralda/lab/12_Wort/ufv/MSchreiber_040_5_sss_ex.ufv
/home/matt/esmeralda/lab/12_Wort/ufv/MSchreiber_041_5_sss_ex.ufv
/home/matt/esmeralda/lab/12_Wort/ufv/MSchreiber_042_5_sss_ex.ufv
/home/matt/esmeralda/lab/12_Wort/ufv/MSchreiber_043_5_sss_ex.ufv
/home/matt/esmeralda/lab/12_Wort/ufv/MSchreiber_044_5_sss_ex.ufv
/home/matt/esmeralda/lab/12_Wort/ufv/MSchreiber_045_5_sss_ex.ufv
/home/matt/esmeralda/lab/12_Wort/ufv/MSchreiber_046_5_sss_ex.ufv
/home/matt/esmeralda/lab/12_Wort/ufv/MSchreiber_049_5_sss_ex.ufv
/home/matt/esmeralda/lab/12_Wort/ufv/MSchreiber_050_5_sss_ex.ufv
/home/matt/esmeralda/lab/12_Wort/ufv/MSchreiber_051_5_sss_ex.ufv
/home/matt/esmeralda/lab/12_Wort/ufv/MSchreiber_052_5_sss_ex.ufv
/home/matt/esmeralda/lab/12_Wort/ufv/MSchreiber_056_5_sss_ex.ufv
/home/matt/esmeralda/lab/12_Wort/ufv/MSchreiber_057_5_sss_ex.ufv
/home/matt/esmeralda/lab/12_Wort/ufv/MSchreiber_058_5_sss_ex.ufv
/home/matt/esmeralda/lab/12_Wort/ufv/MSchreiber_059_5_sss_ex.ufv
/home/matt/esmeralda/lab/12_Wort/ufv/MSchreiber_060_5_sss_ex.ufv
/home/matt/esmeralda/lab/12_Wort/ufv/MSchreiber_061_5_sss_ex.ufv
/home/matt/esmeralda/lab/12_Wort/ufv/MSchreiber_062_5_sss_ex.ufv
/home/matt/esmeralda/lab/12_Wort/ufv/MSchreiber_063_5_sss_ex.ufv
/home/matt/esmeralda/lab/12_Wort/ufv/MSchreiber_064_5_sss_ex.ufv
/home/matt/esmeralda/lab/12_Wort/ufv/MSchreiber_065_5_sss_ex.ufv
/home/matt/esmeralda/lab/12_Wort/ufv/MSchreiber_067_5_sss_ex.ufv
/home/matt/esmeralda/lab/12_Wort/ufv/MSchreiber_068_5_sss_ex.ufv
/home/matt/esmeralda/lab/12_Wort/ufv/MSchreiber_069_5_sss_ex.ufv
/home/matt/esmeralda/lab/12_Wort/ufv/MSchreiber_076_5_sss_ex.ufv
/home/matt/esmeralda/lab/12_Wort/ufv/MSchreiber_077_5_sss_ex.ufv
/home/matt/esmeralda/lab/12_Wort/ufv/MSchreiber_078_5_sss_ex.ufv
/home/matt/esmeralda/lab/12_Wort/ufv/MSchreiber_079_5_sss_ex.ufv
/home/matt/esmeralda/lab/12_Wort/ufv/MSchreiber_080_5_sss_ex.ufv
/home/matt/esmeralda/lab/12_Wort/ufv/MSchreiber_081_5_sss_ex.ufv
/home/matt/esmeralda/lab/12_Wort/ufv/MSchreiber_082_5_sss_ex.ufv
/home/matt/esmeralda/lab/12_Wort/ufv/MSchreiber_083_5_sss_ex.ufv
/home/matt/esmeralda/lab/12_Wort/ufv/MSchreiber_084_5_sss_ex.ufv
/home/matt/esmeralda/lab/12_Wort/ufv/MSchreiber_085_5_sss_ex.ufv
/home/matt/esmeralda/lab/12_Wort/ufv/MSchreiber_086_5_sss_ex.ufv
/home/matt/esmeralda/lab/12_Wort/ufv/MSchreiber_087_5_sss_ex.ufv
/home/matt/esmeralda/lab/12_Wort/ufv/MSchreiber_088_5_sss_ex.ufv
/home/matt/esmeralda/lab/12_Wort/ufv/MSchreiber_089_5_sss_ex.ufv
/home/matt/esmeralda/lab/12_Wort/ufv/MSchreiber_090_5_sss_ex.ufv
/home/matt/esmeralda/lab/12_Wort/ufv/MSchreiber_091_5_sss_ex.ufv
/home/matt/esmeralda/lab/12_Wort/ufv/MSchreiber_092_5_sss_ex.ufv
/home/matt/esmeralda/lab/12_Wort/ufv/MSchreiber_093_5_sss_ex.ufv
/home/matt/esmeralda/lab/12_Wort/ufv/MSchreiber_094_5_sss_ex.ufv
/home/matt/esmeralda/lab/12_Wort/ufv/MSchreiber_095_5_sss_ex.ufv
/home/matt/esmeralda/lab/12_Wort/ufv/MSchreiber_096_5_sss_ex.ufv
/home/matt/esmeralda/lab/12_Wort/ufv/MSchreiber_097_5_sss_ex.ufv
/home/matt/esmeralda/lab/12_Wort/ufv/MSchreiber_098_5_sss_ex.ufv
/home/matt/esmeralda/lab/12_Wort/ufv/MSchreiber_099_5_sss_ex.ufv
/home/matt/esmeralda/lab/12_Wort/ufv/MSchreiber_100_5_sss_ex.ufv
/home/matt/esmeralda/lab/12_Wort/ufv/MSchreiber_101_5_sss_ex.ufv
/home/matt/esmeralda/lab/12_Wort/ufv/MSchreiber_102_5_sss_ex.ufv
/home/matt/esmeralda/lab/12_Wort/ufv/MSchreiber_103_5_sss_ex.ufv
/home/matt/esmeralda/lab/12_Wort/ufv/MSchreiber_104_5_sss_ex.ufv
/home/matt/esmeralda/lab/12_Wort/ufv/MSchreiber_105_5_sss_ex.ufv
/home/matt/esmeralda/lab/12_Wort/ufv/MSchreiber_106_5_sss_ex.ufv
/home/matt/esmeralda/lab/12_Wort/ufv/MSchreiber_107_5_sss_ex.ufv
/home/matt/esmeralda/lab/12_Wort/ufv/MSchreiber_108_5_sss_ex.ufv
/home/matt/esmeralda/lab/12_Wort/ufv/MSchreiber_110_5_sss_ex.ufv
/home/matt/esmeralda/lab/12_Wort/ufv/MSchreiber_111_5_sss_ex.ufv
/home/matt/esmeralda/lab/12_Wort/ufv/MSchreiber_112_5_sss_ex.ufv
/home/matt/esmeralda/lab/12_Wort/ufv/MSchreiber_113_5_sss_ex.ufv
/home/matt/esmeralda/lab/12_Wort/ufv/MSchreiber_114_5_sss_ex.ufv
/home/matt/esmeralda/lab/12_Wort/ufv/MSchreiber_115_5_sss_ex.ufv
/home/matt/esmeralda/lab/12_Wort/ufv/MSchreiber_116_5_sss_ex.ufv
/home/matt/esmeralda/lab/12_Wort/ufv/MSchreiber_117_5_sss_ex.ufv
/home/matt/esmeralda/lab/12_Wort/ufv/MSchreiber_118_5_sss_ex.ufv
/home/matt/esmeralda/lab/12_Wort/ufv/MSchreiber_119_5_sss_ex.ufv
/home/matt/esmeralda/lab/12_Wort/ufv/MSchreiber_120_5_sss_ex.ufv
/home/matt/esmeralda/lab/12_Wort/ufv/MSchreiber_121_5_sss_ex.ufv
/home/matt/esmeralda/lab/12_Wort/ufv/MSchreiber_122_5_sss_ex.ufv
/home/matt/esmeralda/lab/12_Wort/ufv/MSchreiber_123_5_sss_ex.ufv
/home/matt/esmeralda/lab/12_Wort/ufv/MSchreiber_124_5_sss_ex.ufv
/home/matt/esmeralda/lab/12_Wort/ufv/MSchreiber_125_5_sss_ex.ufv
/home/matt/esmeralda/lab/12_Wort/ufv/MSchreiber_126_5_sss_ex.ufv
/home/matt/esmeralda/lab/12_Wort/ufv/MSchreiber_127_5_sss_ex.ufv
/home/matt/esmeralda/lab/12_Wort/ufv/MSchreiber_128_5_sss_ex.ufv
/home/matt/esmeralda/lab/12_Wort/ufv/MSchreiber_129_5_sss_ex.ufv
/home/matt/esmeralda/lab/12_Wort/ufv/MSchreiber_130_5_sss_ex.ufv
/home/matt/esmeralda/lab/12_Wort/ufv/sSchreiber_000_5_sss_ex.ufv
/home/matt/esmeralda/lab/12_Wort/ufv/sSchreiber_002_5_sss_ex.ufv
/home/matt/esmeralda/lab/12_Wort/ufv/sSchreiber_003_5_sss_ex.ufv
/home/matt/esmeralda/lab/12_Wort/ufv/sSchreiber_010_5_sss_ex.ufv
/home/matt/esmeralda/lab/12_Wort/ufv/sSchreiber_011_5_sss_ex.ufv
/home/matt/esmeralda/lab/12_Wort/ufv/sSchreiber_013_5_sss_ex.ufv
/home/matt/esmeralda/lab/12_Wort/ufv/sSchreiber_014_5_sss_ex.ufv
/home/matt/esmeralda/lab/12_Wort/ufv/sSchreiber_015_5_sss_ex.ufv
/home/matt/esmeralda/lab/12_Wort/ufv/sSchreiber_016_5_sss_ex.ufv
/home/matt/esmeralda/lab/12_Wort/ufv/sSchreiber_017_5_sss_ex.ufv
/home/matt/esmeralda/lab/12_Wort/ufv/sSchreiber_018_5_sss_ex.ufv
/home/matt/esmeralda/lab/12_Wort/ufv/sSchreiber_021_5_sss_ex.ufv
/home/matt/esmeralda/lab/12_Wort/ufv/sSchreiber_022_5_sss_ex.ufv
/home/matt/esmeralda/lab/12_Wort/ufv/sSchreiber_023_5_sss_ex.ufv
/home/matt/esmeralda/lab/12_Wort/ufv/sSchreiber_027_5_sss_ex.ufv
/home/matt/esmeralda/lab/12_Wort/ufv/sSchreiber_028_5_sss_ex.ufv
/home/matt/esmeralda/lab/12_Wort/ufv/sSchreiber_029_5_sss_ex.ufv
/home/matt/esmeralda/lab/12_Wort/ufv/sSchreiber_030_5_sss_ex.ufv
/home/matt/esmeralda/lab/12_Wort/ufv/sSchreiber_031_5_sss_ex.ufv
/home/matt/esmeralda/lab/12_Wort/ufv/sSchreiber_032_5_sss_ex.ufv
/home/matt/esmeralda/lab/12_Wort/ufv/sSchreiber_033_5_sss_ex.ufv
/home/matt/esmeralda/lab/12_Wort/ufv/sSchreiber_035_5_sss_ex.ufv
/home/matt/esmeralda/lab/12_Wort/ufv/sSchreiber_036_5_sss_ex.ufv
/home/matt/esmeralda/lab/12_Wort/ufv/sSchreiber_037_5_sss_ex.ufv
/home/matt/esmeralda/lab/12_Wort/ufv/sSchreiber_038_5_sss_ex.ufv
/home/matt/esmeralda/lab/12_Wort/ufv/sSchreiber_039_5_sss_ex.ufv
/home/matt/esmeralda/lab/12_Wort/ufv/sSchreiber_040_5_sss_ex.ufv
/home/matt/esmeralda/lab/12_Wort/ufv/sSchreiber_041_5_sss_ex.ufv
/home/matt/esmeralda/lab/12_Wort/ufv/sSchreiber_042_5_sss_ex.ufv
/home/matt/esmeralda/lab/12_Wort/ufv/sSchreiber_043_5_sss_ex.ufv
/home/matt/esmeralda/lab/12_Wort/ufv/sSchreiber_044_5_sss_ex.ufv
/home/matt/esmeralda/lab/12_Wort/ufv/sSchreiber_045_5_sss_ex.ufv
/home/matt/esmeralda/lab/12_Wort/ufv/sSchreiber_046_5_sss_ex.ufv
/home/matt/esmeralda/lab/12_Wort/ufv/sSchreiber_049_5_sss_ex.ufv
/home/matt/esmeralda/lab/12_Wort/ufv/sSchreiber_050_5_sss_ex.ufv
/home/matt/esmeralda/lab/12_Wort/ufv/sSchreiber_051_5_sss_ex.ufv
/home/matt/esmeralda/lab/12_Wort/ufv/sSchreiber_052_5_sss_ex.ufv
/home/matt/esmeralda/lab/12_Wort/ufv/sSchreiber_056_5_sss_ex.ufv
/home/matt/esmeralda/lab/12_Wort/ufv/sSchreiber_057_5_sss_ex.ufv
/home/matt/esmeralda/lab/12_Wort/ufv/sSchreiber_058_5_sss_ex.ufv
/home/matt/esmeralda/lab/12_Wort/ufv/sSchreiber_059_5_sss_ex.ufv
/home/matt/esmeralda/lab/12_Wort/ufv/sSchreiber_060_5_sss_ex.ufv
/home/matt/esmeralda/lab/12_Wort/ufv/sSchreiber_061_5_sss_ex.ufv
/home/matt/esmeralda/lab/12_Wort/ufv/sSchreiber_062_5_sss_ex.ufv
/home/matt/esmeralda/lab/12_Wort/ufv/sSchreiber_063_5_sss_ex.ufv
/home/matt/esmeralda/lab/12_Wort/ufv/sSchreiber_064_5_sss_ex.ufv
/home/matt/esmeralda/lab/12_Wort/ufv/sSchreiber_065_5_sss_ex.ufv
/home/matt/esmeralda/lab/12_Wort/ufv/sSchreiber_067_5_sss_ex.ufv
/home/matt/esmeralda/lab/12_Wort/ufv/sSchreiber_068_5_sss_ex.ufv
/home/matt/esmeralda/lab/12_Wort/ufv/sSchreiber_069_5_sss_ex.ufv
/home/matt/esmeralda/lab/12_Wort/ufv/sSchreiber_076_5_sss_ex.ufv
/home/matt/esmeralda/lab/12_Wort/ufv/sSchreiber_077_5_sss_ex.ufv
/home/matt/esmeralda/lab/12_Wort/ufv/sSchreiber_078_5_sss_ex.ufv
/home/matt/esmeralda/lab/12_Wort/ufv/sSchreiber_079_5_sss_ex.ufv
/home/matt/esmeralda/lab/12_Wort/ufv/sSchreiber_080_5_sss_ex.ufv
/home/matt/esmeralda/lab/12_Wort/ufv/sSchreiber_081_5_sss_ex.ufv
/home/matt/esmeralda/lab/12_Wort/ufv/sSchreiber_082_5_sss_ex.ufv
/home/matt/esmeralda/lab/12_Wort/ufv/sSchreiber_083_5_sss_ex.ufv
/home/matt/esmeralda/lab/12_Wort/ufv/sSchreiber_084_5_sss_ex.ufv
/home/matt/esmeralda/lab/12_Wort/ufv/sSchreiber_085_5_sss_ex.ufv
/home/matt/esmeralda/lab/12_Wort/ufv/sSchreiber_086_5_sss_ex.ufv
/home/matt/esmeralda/lab/12_Wort/ufv/sSchreiber_087_5_sss_ex.ufv
/home/matt/esmeralda/lab/12_Wort/ufv/sSchreiber_088_5_sss_ex.ufv
/home/matt/esmeralda/lab/12_Wort/ufv/sSchreiber_089_5_sss_ex.ufv
/home/matt/esmeralda/lab/12_Wort/ufv/sSchreiber_090_5_sss_ex.ufv
/home/matt/esmeralda/lab/12_Wort/ufv/sSchreiber_091_5_sss_ex.ufv
/home/matt/esmeralda/lab/12_Wort/ufv/sSchreiber_092_5_sss_ex.ufv
/home/matt/esmeralda/lab/12_Wort/ufv/sSchreiber_093_5_sss_ex.ufv
/home/matt/esmeralda/lab/12_Wort/ufv/sSchreiber_094_5_sss_ex.ufv
/home/matt/esmeralda/lab/12_Wort/ufv/sSchreiber_095_5_sss_ex.ufv
/home/matt/esmeralda/lab/12_Wort/ufv/sSchreiber_096_5_sss_ex.ufv
/home/matt/esmeralda/lab/12_Wort/ufv/sSchreiber_097_5_sss_ex.ufv
/home/matt/esmeralda/lab/12_Wort/ufv/sSchreiber_098_5_sss_ex.ufv
/home/matt/esmeralda/lab/12_Wort/ufv/sSchreiber_099_5_sss_ex.ufv
/home/matt/esmeralda/lab/12_Wort/ufv/sSchreiber_100_5_sss_ex.ufv
/home/matt/esmeralda/lab/12_Wort/ufv/sSchreiber_101_5_sss_ex.ufv
/home/matt/esmeralda/lab/12_Wort/ufv/sSchreiber_102_5_sss_ex.ufv
/home/matt/esmeralda/lab/12_Wort/ufv/sSchreiber_103_5_sss_ex.ufv
/home/matt/esmeralda/lab/12_Wort/ufv/sSchreiber_104_5_sss_ex.ufv
/home/matt/esmeralda/lab/12_Wort/ufv/sSchreiber_105_5_sss_ex.ufv
/home/matt/esmeralda/lab/12_Wort/ufv/sSchreiber_106_5_sss_ex.ufv
/home/matt/esmeralda/lab/12_Wort/ufv/sSchreiber_107_5_sss_ex.ufv
/home/matt/esmeralda/lab/12_Wort/ufv/sSchreiber_108_5_sss_ex.ufv
/home/matt/esmeralda/lab/12_Wort/ufv/sSchreiber_110_5_sss_ex.ufv
/home/matt/esmeralda/lab/12_Wort/ufv/sSchreiber_111_5_sss_ex.ufv
/home/matt/esmeralda/lab/12_Wort/ufv/sSchreiber_112_5_sss_ex.ufv
/home/matt/esmeralda/lab/12_Wort/ufv/sSchreiber_113_5_sss_ex.ufv
/home/matt/esmeralda/lab/12_Wort/ufv/sSchreiber_114_5_sss_ex.ufv
/home/matt/esmeralda/lab/12_Wort/ufv/sSchreiber_115_5_sss_ex.ufv
/home/matt/esmeralda/lab/12_Wort/ufv/sSchreiber_116_5_sss_ex.ufv
/home/matt/esmeralda/lab/12_Wort/ufv/sSchreiber_117_5_sss_ex.ufv
/home/matt/esmeralda/lab/12_Wort/ufv/sSchreiber_118_5_sss_ex.ufv
/home/matt/esmeralda/lab/12_Wort/ufv/sSchreiber_119_5_sss_ex.ufv
/home/matt/esmeralda/lab/12_Wort/ufv/sSchreiber_120_5_sss_ex.ufv
/home/matt/esmeralda/lab/12_Wort/ufv/sSchreiber_121_5_sss_ex.ufv
/home/matt/esmeralda/lab/12_Wort/ufv/sSchreiber_122_5_sss_ex.ufv
/home/matt/esmeralda/lab/12_Wort/ufv/sSchreiber_123_5_sss_ex.ufv
/home/matt/esmeralda/lab/12_Wort/ufv/sSchreiber_124_5_sss_ex.ufv
/home/matt/esmeralda/lab/12_Wort/ufv/sSchreiber_125_5_sss_ex.ufv
/home/matt/esmeralda/lab/12_Wort/ufv/sSchreiber_126_5_sss_ex.ufv
/home/matt/esmeralda/lab/12_Wort/ufv/sSchreiber_127_5_sss_ex.ufv
/home/matt/esmeralda/lab/12_Wort/ufv/sSchreiber_128_5_sss_ex.ufv
/home/matt/esmeralda/lab/12_Wort/ufv/sSchreiber_129_5_sss_ex.ufv
/home/matt/esmeralda/lab/12_Wort/ufv/sSchreiber_130_5_sss_ex.ufv
/home/matt/esmeralda/lab/12_Wort/ufv/USchreiber_000_5_sss_ex.ufv
/home/matt/esmeralda/lab/12_Wort/ufv/USchreiber_002_5_sss_ex.ufv
/home/matt/esmeralda/lab/12_Wort/ufv/USchreiber_003_5_sss_ex.ufv
/home/matt/esmeralda/lab/12_Wort/ufv/USchreiber_010_5_sss_ex.ufv
/home/matt/esmeralda/lab/12_Wort/ufv/USchreiber_011_5_sss_ex.ufv
/home/matt/esmeralda/lab/12_Wort/ufv/USchreiber_013_5_sss_ex.ufv
/home/matt/esmeralda/lab/12_Wort/ufv/USchreiber_014_5_sss_ex.ufv
/home/matt/esmeralda/lab/12_Wort/ufv/USchreiber_015_5_sss_ex.ufv
/home/matt/esmeralda/lab/12_Wort/ufv/USchreiber_016_5_sss_ex.ufv
/home/matt/esmeralda/lab/12_Wort/ufv/USchreiber_017_5_sss_ex.ufv
/home/matt/esmeralda/lab/12_Wort/ufv/USchreiber_018_5_sss_ex.ufv
/home/matt/esmeralda/lab/12_Wort/ufv/USchreiber_021_5_sss_ex.ufv
/home/matt/esmeralda/lab/12_Wort/ufv/USchreiber_022_5_sss_ex.ufv
/home/matt/esmeralda/lab/12_Wort/ufv/USchreiber_023_5_sss_ex.ufv
/home/matt/esmeralda/lab/12_Wort/ufv/USchreiber_027_5_sss_ex.ufv
/home/matt/esmeralda/lab/12_Wort/ufv/USchreiber_028_5_sss_ex.ufv
/home/matt/esmeralda/lab/12_Wort/ufv/USchreiber_029_5_sss_ex.ufv
/home/matt/esmeralda/lab/12_Wort/ufv/USchreiber_030_5_sss_ex.ufv
/home/matt/esmeralda/lab/12_Wort/ufv/USchreiber_031_5_sss_ex.ufv
/home/matt/esmeralda/lab/12_Wort/ufv/USchreiber_032_5_sss_ex.ufv
/home/matt/esmeralda/lab/12_Wort/ufv/USchreiber_033_5_sss_ex.ufv
/home/matt/esmeralda/lab/12_Wort/ufv/USchreiber_035_5_sss_ex.ufv
/home/matt/esmeralda/lab/12_Wort/ufv/USchreiber_036_5_sss_ex.ufv
/home/matt/esmeralda/lab/12_Wort/ufv/USchreiber_037_5_sss_ex.ufv
/home/matt/esmeralda/lab/12_Wort/ufv/USchreiber_038_5_sss_ex.ufv
/home/matt/esmeralda/lab/12_Wort/ufv/USchreiber_039_5_sss_ex.ufv
/home/matt/esmeralda/lab/12_Wort/ufv/USchreiber_040_5_sss_ex.ufv
/home/matt/esmeralda/lab/12_Wort/ufv/USchreiber_041_5_sss_ex.ufv
/home/matt/esmeralda/lab/12_Wort/ufv/USchreiber_042_5_sss_ex.ufv
/home/matt/esmeralda/lab/12_Wort/ufv/USchreiber_043_5_sss_ex.ufv
/home/matt/esmeralda/lab/12_Wort/ufv/USchreiber_044_5_sss_ex.ufv
/home/matt/esmeralda/lab/12_Wort/ufv/USchreiber_045_5_sss_ex.ufv
/home/matt/esmeralda/lab/12_Wort/ufv/USchreiber_046_5_sss_ex.ufv
/home/matt/esmeralda/lab/12_Wort/ufv/USchreiber_049_5_sss_ex.ufv
/home/matt/esmeralda/lab/12_Wort/ufv/USchreiber_050_5_sss_ex.ufv
/home/matt/esmeralda/lab/12_Wort/ufv/USchreiber_051_5_sss_ex.ufv
/home/matt/esmeralda/lab/12_Wort/ufv/USchreiber_052_5_sss_ex.ufv
/home/matt/esmeralda/lab/12_Wort/ufv/USchreiber_056_5_sss_ex.ufv
/home/matt/esmeralda/lab/12_Wort/ufv/USchreiber_057_5_sss_ex.ufv
/home/matt/esmeralda/lab/12_Wort/ufv/USchreiber_058_5_sss_ex.ufv
/home/matt/esmeralda/lab/12_Wort/ufv/USchreiber_059_5_sss_ex.ufv
/home/matt/esmeralda/lab/12_Wort/ufv/USchreiber_060_5_sss_ex.ufv
/home/matt/esmeralda/lab/12_Wort/ufv/USchreiber_061_5_sss_ex.ufv
/home/matt/esmeralda/lab/12_Wort/ufv/USchreiber_062_5_sss_ex.ufv
/home/matt/esmeralda/lab/12_Wort/ufv/USchreiber_063_5_sss_ex.ufv
/home/matt/esmeralda/lab/12_Wort/ufv/USchreiber_064_5_sss_ex.ufv
/home/matt/esmeralda/lab/12_Wort/ufv/USchreiber_065_5_sss_ex.ufv
/home/matt/esmeralda/lab/12_Wort/ufv/USchreiber_067_5_sss_ex.ufv
/home/matt/esmeralda/lab/12_Wort/ufv/USchreiber_068_5_sss_ex.ufv
/home/matt/esmeralda/lab/12_Wort/ufv/USchreiber_069_5_sss_ex.ufv
/home/matt/esmeralda/lab/12_Wort/ufv/USchreiber_076_5_sss_ex.ufv
/home/matt/esmeralda/lab/12_Wort/ufv/USchreiber_077_5_sss_ex.ufv
/home/matt/esmeralda/lab/12_Wort/ufv/USchreiber_078_5_sss_ex.ufv
/home/matt/esmeralda/lab/12_Wort/ufv/USchreiber_079_5_sss_ex.ufv
/home/matt/esmeralda/lab/12_Wort/ufv/USchreiber_080_5_sss_ex.ufv
/home/matt/esmeralda/lab/12_Wort/ufv/USchreiber_081_5_sss_ex.ufv
/home/matt/esmeralda/lab/12_Wort/ufv/USchreiber_082_5_sss_ex.ufv
/home/matt/esmeralda/lab/12_Wort/ufv/USchreiber_083_5_sss_ex.ufv
/home/matt/esmeralda/lab/12_Wort/ufv/USchreiber_084_5_sss_ex.ufv
/home/matt/esmeralda/lab/12_Wort/ufv/USchreiber_085_5_sss_ex.ufv
/home/matt/esmeralda/lab/12_Wort/ufv/USchreiber_086_5_sss_ex.ufv
/home/matt/esmeralda/lab/12_Wort/ufv/USchreiber_087_5_sss_ex.ufv
/home/matt/esmeralda/lab/12_Wort/ufv/USchreiber_088_5_sss_ex.ufv
/home/matt/esmeralda/lab/12_Wort/ufv/USchreiber_089_5_sss_ex.ufv
/home/matt/esmeralda/lab/12_Wort/ufv/USchreiber_090_5_sss_ex.ufv
/home/matt/esmeralda/lab/12_Wort/ufv/USchreiber_091_5_sss_ex.ufv
/home/matt/esmeralda/lab/12_Wort/ufv/USchreiber_092_5_sss_ex.ufv
/home/matt/esmeralda/lab/12_Wort/ufv/USchreiber_093_5_sss_ex.ufv
/home/matt/esmeralda/lab/12_Wort/ufv/USchreiber_094_5_sss_ex.ufv
/home/matt/esmeralda/lab/12_Wort/ufv/USchreiber_095_5_sss_ex.ufv
/home/matt/esmeralda/lab/12_Wort/ufv/USchreiber_096_5_sss_ex.ufv
/home/matt/esmeralda/lab/12_Wort/ufv/USchreiber_097_5_sss_ex.ufv
/home/matt/esmeralda/lab/12_Wort/ufv/USchreiber_098_5_sss_ex.ufv
/home/matt/esmeralda/lab/12_Wort/ufv/USchreiber_099_5_sss_ex.ufv
/home/matt/esmeralda/lab/12_Wort/ufv/USchreiber_100_5_sss_ex.ufv
/home/matt/esmeralda/lab/12_Wort/ufv/USchreiber_101_5_sss_ex.ufv
/home/matt/esmeralda/lab/12_Wort/ufv/USchreiber_102_5_sss_ex.ufv
/home/matt/esmeralda/lab/12_Wort/ufv/USchreiber_103_5_sss_ex.ufv
/home/matt/esmeralda/lab/12_Wort/ufv/USchreiber_104_5_sss_ex.ufv
/home/matt/esmeralda/lab/12_Wort/ufv/USchreiber_105_5_sss_ex.ufv
/home/matt/esmeralda/lab/12_Wort/ufv/USchreiber_106_5_sss_ex.ufv
/home/matt/esmeralda/lab/12_Wort/ufv/USchreiber_107_5_sss_ex.ufv
/home/matt/esmeralda/lab/12_Wort/ufv/USchreiber_108_5_sss_ex.ufv
/home/matt/esmeralda/lab/12_Wort/ufv/USchreiber_110_5_sss_ex.ufv
/home/matt/esmeralda/lab/12_Wort/ufv/USchreiber_111_5_sss_ex.ufv
/home/matt/esmeralda/lab/12_Wort/ufv/USchreiber_112_5_sss_ex.ufv
/home/matt/esmeralda/lab/12_Wort/ufv/USchreiber_113_5_sss_ex.ufv
/home/matt/esmeralda/lab/12_Wort/ufv/USchreiber_114_5_sss_ex.ufv
/home/matt/esmeralda/lab/12_Wort/ufv/USchreiber_115_5_sss_ex.ufv
/home/matt/esmeralda/lab/12_Wort/ufv/USchreiber_116_5_sss_ex.ufv
/home/matt/esmeralda/lab/12_Wort/ufv/USchreiber_117_5_sss_ex.ufv
/home/matt/esmeralda/lab/12_Wort/ufv/USchreiber_118_5_sss_ex.ufv
/home/matt/esmeralda/lab/12_Wort/ufv/USchreiber_119_5_sss_ex.ufv
/home/matt/esmeralda/lab/12_Wort/ufv/USchreiber_120_5_sss_ex.ufv
/home/matt/esmeralda/lab/12_Wort/ufv/USchreiber_121_5_sss_ex.ufv
/home/matt/esmeralda/lab/12_Wort/ufv/USchreiber_122_5_sss_ex.ufv
/home/matt/esmeralda/lab/12_Wort/ufv/USchreiber_123_5_sss_ex.ufv
/home/matt/esmeralda/lab/12_Wort/ufv/USchreiber_124_5_sss_ex.ufv
/home/matt/esmeralda/lab/12_Wort/ufv/USchreiber_125_5_sss_ex.ufv
/home/matt/esmeralda/lab/12_Wort/ufv/USchreiber_126_5_sss_ex.ufv
/home/matt/esmeralda/lab/12_Wort/ufv/USchreiber_127_5_sss_ex.ufv
/home/matt/esmeralda/lab/12_Wort/ufv/USchreiber_128_5_sss_ex.ufv
/home/matt/esmeralda/lab/12_Wort/ufv/USchreiber_129_5_sss_ex.ufv
/home/matt/esmeralda/lab/12_Wort/ufv/USchreiber_130_5_sss_ex.ufv
/home/matt/esmeralda/lab/12_Wort/ufv/vSchreiber_000_5_sss_ex.ufv
/home/matt/esmeralda/lab/12_Wort/ufv/vSchreiber_002_5_sss_ex.ufv
/home/matt/esmeralda/lab/12_Wort/ufv/vSchreiber_003_5_sss_ex.ufv
/home/matt/esmeralda/lab/12_Wort/ufv/vSchreiber_010_5_sss_ex.ufv
/home/matt/esmeralda/lab/12_Wort/ufv/vSchreiber_011_5_sss_ex.ufv
/home/matt/esmeralda/lab/12_Wort/ufv/vSchreiber_013_5_sss_ex.ufv
/home/matt/esmeralda/lab/12_Wort/ufv/vSchreiber_014_5_sss_ex.ufv
/home/matt/esmeralda/lab/12_Wort/ufv/vSchreiber_015_5_sss_ex.ufv
/home/matt/esmeralda/lab/12_Wort/ufv/vSchreiber_016_5_sss_ex.ufv
/home/matt/esmeralda/lab/12_Wort/ufv/vSchreiber_017_5_sss_ex.ufv
/home/matt/esmeralda/lab/12_Wort/ufv/vSchreiber_018_5_sss_ex.ufv
/home/matt/esmeralda/lab/12_Wort/ufv/vSchreiber_021_5_sss_ex.ufv
/home/matt/esmeralda/lab/12_Wort/ufv/vSchreiber_022_5_sss_ex.ufv
/home/matt/esmeralda/lab/12_Wort/ufv/vSchreiber_023_5_sss_ex.ufv
/home/matt/esmeralda/lab/12_Wort/ufv/vSchreiber_027_5_sss_ex.ufv
/home/matt/esmeralda/lab/12_Wort/ufv/vSchreiber_028_5_sss_ex.ufv
/home/matt/esmeralda/lab/12_Wort/ufv/vSchreiber_029_5_sss_ex.ufv
/home/matt/esmeralda/lab/12_Wort/ufv/vSchreiber_030_5_sss_ex.ufv
/home/matt/esmeralda/lab/12_Wort/ufv/vSchreiber_031_5_sss_ex.ufv
/home/matt/esmeralda/lab/12_Wort/ufv/vSchreiber_032_5_sss_ex.ufv
/home/matt/esmeralda/lab/12_Wort/ufv/vSchreiber_033_5_sss_ex.ufv
/home/matt/esmeralda/lab/12_Wort/ufv/vSchreiber_035_5_sss_ex.ufv
/home/matt/esmeralda/lab/12_Wort/ufv/vSchreiber_036_5_sss_ex.ufv
/home/matt/esmeralda/lab/12_Wort/ufv/vSchreiber_037_5_sss_ex.ufv
/home/matt/esmeralda/lab/12_Wort/ufv/vSchreiber_038_5_sss_ex.ufv
/home/matt/esmeralda/lab/12_Wort/ufv/vSchreiber_039_5_sss_ex.ufv
/home/matt/esmeralda/lab/12_Wort/ufv/vSchreiber_040_5_sss_ex.ufv
/home/matt/esmeralda/lab/12_Wort/ufv/vSchreiber_041_5_sss_ex.ufv
/home/matt/esmeralda/lab/12_Wort/ufv/vSchreiber_042_5_sss_ex.ufv
/home/matt/esmeralda/lab/12_Wort/ufv/vSchreiber_043_5_sss_ex.ufv
/home/matt/esmeralda/lab/12_Wort/ufv/vSchreiber_044_5_sss_ex.ufv
/home/matt/esmeralda/lab/12_Wort/ufv/vSchreiber_045_5_sss_ex.ufv
/home/matt/esmeralda/lab/12_Wort/ufv/vSchreiber_046_5_sss_ex.ufv
/home/matt/esmeralda/lab/12_Wort/ufv/vSchreiber_049_5_sss_ex.ufv
/home/matt/esmeralda/lab/12_Wort/ufv/vSchreiber_050_5_sss_ex.ufv
/home/matt/esmeralda/lab/12_Wort/ufv/vSchreiber_051_5_sss_ex.ufv
/home/matt/esmeralda/lab/12_Wort/ufv/vSchreiber_052_5_sss_ex.ufv
/home/matt/esmeralda/lab/12_Wort/ufv/vSchreiber_056_5_sss_ex.ufv
/home/matt/esmeralda/lab/12_Wort/ufv/vSchreiber_057_5_sss_ex.ufv
/home/matt/esmeralda/lab/12_Wort/ufv/vSchreiber_058_5_sss_ex.ufv
/home/matt/esmeralda/lab/12_Wort/ufv/vSchreiber_059_5_sss_ex.ufv
/home/matt/esmeralda/lab/12_Wort/ufv/vSchreiber_060_5_sss_ex.ufv
/home/matt/esmeralda/lab/12_Wort/ufv/vSchreiber_061_5_sss_ex.ufv
/home/matt/esmeralda/lab/12_Wort/ufv/vSchreiber_062_5_sss_ex.ufv
/home/matt/esmeralda/lab/12_Wort/ufv/vSchreiber_063_5_sss_ex.ufv
/home/matt/esmeralda/lab/12_Wort/ufv/vSchreiber_064_5_sss_ex.ufv
/home/matt/esmeralda/lab/12_Wort/ufv/vSchreiber_065_5_sss_ex.ufv
/home/matt/esmeralda/lab/12_Wort/ufv/vSchreiber_067_5_sss_ex.ufv
/home/matt/esmeralda/lab/12_Wort/ufv/vSchreiber_068_5_sss_ex.ufv
/home/matt/esmeralda/lab/12_Wort/ufv/vSchreiber_069_5_sss_ex.ufv
/home/matt/esmeralda/lab/12_Wort/ufv/vSchreiber_076_5_sss_ex.ufv
/home/matt/esmeralda/lab/12_Wort/ufv/vSchreiber_077_5_sss_ex.ufv
/home/matt/esmeralda/lab/12_Wort/ufv/vSchreiber_078_5_sss_ex.ufv
/home/matt/esmeralda/lab/12_Wort/ufv/vSchreiber_079_5_sss_ex.ufv
/home/matt/esmeralda/lab/12_Wort/ufv/vSchreiber_080_5_sss_ex.ufv
/home/matt/esmeralda/lab/12_Wort/ufv/vSchreiber_081_5_sss_ex.ufv
/home/matt/esmeralda/lab/12_Wort/ufv/vSchreiber_082_5_sss_ex.ufv
/home/matt/esmeralda/lab/12_Wort/ufv/vSchreiber_083_5_sss_ex.ufv
/home/matt/esmeralda/lab/12_Wort/ufv/vSchreiber_084_5_sss_ex.ufv
/home/matt/esmeralda/lab/12_Wort/ufv/vSchreiber_085_5_sss_ex.ufv
/home/matt/esmeralda/lab/12_Wort/ufv/vSchreiber_086_5_sss_ex.ufv
/home/matt/esmeralda/lab/12_Wort/ufv/vSchreiber_087_5_sss_ex.ufv
/home/matt/esmeralda/lab/12_Wort/ufv/vSchreiber_088_5_sss_ex.ufv
/home/matt/esmeralda/lab/12_Wort/ufv/vSchreiber_089_5_sss_ex.ufv
/home/matt/esmeralda/lab/12_Wort/ufv/vSchreiber_090_5_sss_ex.ufv
/home/matt/esmeralda/lab/12_Wort/ufv/vSchreiber_091_5_sss_ex.ufv
/home/matt/esmeralda/lab/12_Wort/ufv/vSchreiber_092_5_sss_ex.ufv
/home/matt/esmeralda/lab/12_Wort/ufv/vSchreiber_093_5_sss_ex.ufv
/home/matt/esmeralda/lab/12_Wort/ufv/vSchreiber_094_5_sss_ex.ufv
/home/matt/esmeralda/lab/12_Wort/ufv/vSchreiber_095_5_sss_ex.ufv
/home/matt/esmeralda/lab/12_Wort/ufv/vSchreiber_096_5_sss_ex.ufv
/home/matt/esmeralda/lab/12_Wort/ufv/vSchreiber_097_5_sss_ex.ufv
/home/matt/esmeralda/lab/12_Wort/ufv/vSchreiber_098_5_sss_ex.ufv
/home/matt/esmeralda/lab/12_Wort/ufv/vSchreiber_099_5_sss_ex.ufv
/home/matt/esmeralda/lab/12_Wort/ufv/vSchreiber_100_5_sss_ex.ufv
/home/matt/esmeralda/lab/12_Wort/ufv/vSchreiber_101_5_sss_ex.ufv
/home/matt/esmeralda/lab/12_Wort/ufv/vSchreiber_102_5_sss_ex.ufv
/home/matt/esmeralda/lab/12_Wort/ufv/vSchreiber_103_5_sss_ex.ufv
/home/matt/esmeralda/lab/12_Wort/ufv/vSchreiber_104_5_sss_ex.ufv
/home/matt/esmeralda/lab/12_Wort/ufv/vSchreiber_105_5_sss_ex.ufv
/home/matt/esmeralda/lab/12_Wort/ufv/vSchreiber_106_5_sss_ex.ufv
/home/matt/esmeralda/lab/12_Wort/ufv/vSchreiber_107_5_sss_ex.ufv
/home/matt/esmeralda/lab/12_Wort/ufv/vSchreiber_108_5_sss_ex.ufv
/home/matt/esmeralda/lab/12_Wort/ufv/vSchreiber_110_5_sss_ex.ufv
/home/matt/esmeralda/lab/12_Wort/ufv/vSchreiber_111_5_sss_ex.ufv
/home/matt/esmeralda/lab/12_Wort/ufv/vSchreiber_112_5_sss_ex.ufv
/home/matt/esmeralda/lab/12_Wort/ufv/vSchreiber_113_5_sss_ex.ufv
/home/matt/esmeralda/lab/12_Wort/ufv/vSchreiber_114_5_sss_ex.ufv
/home/matt/esmeralda/lab/12_Wort/ufv/vSchreiber_115_5_sss_ex.ufv
/home/matt/esmeralda/lab/12_Wort/ufv/vSchreiber_116_5_sss_ex.ufv
/home/matt/esmeralda/lab/12_Wort/ufv/vSchreiber_117_5_sss_ex.ufv
/home/matt/esmeralda/lab/12_Wort/ufv/vSchreiber_118_5_sss_ex.ufv
/home/matt/esmeralda/lab/12_Wort/ufv/vSchreiber_119_5_sss_ex.ufv
/home/matt/esmeralda/lab/12_Wort/ufv/vSchreiber_120_5_sss_ex.ufv
/home/matt/esmeralda/lab/12_Wort/ufv/vSchreiber_121_5_sss_ex.ufv
/home/matt/esmeralda/lab/12_Wort/ufv/vSchreiber_122_5_sss_ex.ufv
/home/matt/esmeralda/lab/12_Wort/ufv/vSchreiber_123_5_sss_ex.ufv
/home/matt/esmeralda/lab/12_Wort/ufv/vSchreiber_124_5_sss_ex.ufv
/home/matt/esmeralda/lab/12_Wort/ufv/vSchreiber_125_5_sss_ex.ufv
/home/matt/esmeralda/lab/12_Wort/ufv/vSchreiber_126_5_sss_ex.ufv
/home/matt/esmeralda/lab/12_Wort/ufv/vSchreiber_127_5_sss_ex.ufv
/home/matt/esmeralda/lab/12_Wort/ufv/vSchreiber_128_5_sss_ex.ufv
/home/matt/esmeralda/lab/12_Wort/ufv/vSchreiber_129_5_sss_ex.ufv
/home/matt/esmeralda/lab/12_Wort/ufv/vSchreiber_130_5_sss_ex.ufv
/home/matt/esmeralda/lab/12_Wort/ufv/imSchreiber_000_5_sss_ex.ufv
/home/matt/esmeralda/lab/12_Wort/ufv/imSchreiber_002_5_sss_ex.ufv
/home/matt/esmeralda/lab/12_Wort/ufv/imSchreiber_003_5_sss_ex.ufv
/home/matt/esmeralda/lab/12_Wort/ufv/imSchreiber_010_5_sss_ex.ufv
/home/matt/esmeralda/lab/12_Wort/ufv/imSchreiber_011_5_sss_ex.ufv
/home/matt/esmeralda/lab/12_Wort/ufv/imSchreiber_013_5_sss_ex.ufv
/home/matt/esmeralda/lab/12_Wort/ufv/imSchreiber_014_5_sss_ex.ufv
/home/matt/esmeralda/lab/12_Wort/ufv/imSchreiber_015_5_sss_ex.ufv
/home/matt/esmeralda/lab/12_Wort/ufv/imSchreiber_016_5_sss_ex.ufv
/home/matt/esmeralda/lab/12_Wort/ufv/imSchreiber_017_5_sss_ex.ufv
/home/matt/esmeralda/lab/12_Wort/ufv/imSchreiber_018_5_sss_ex.ufv
/home/matt/esmeralda/lab/12_Wort/ufv/imSchreiber_021_5_sss_ex.ufv
/home/matt/esmeralda/lab/12_Wort/ufv/imSchreiber_022_5_sss_ex.ufv
/home/matt/esmeralda/lab/12_Wort/ufv/imSchreiber_023_5_sss_ex.ufv
/home/matt/esmeralda/lab/12_Wort/ufv/imSchreiber_027_5_sss_ex.ufv
/home/matt/esmeralda/lab/12_Wort/ufv/imSchreiber_028_5_sss_ex.ufv
/home/matt/esmeralda/lab/12_Wort/ufv/imSchreiber_029_5_sss_ex.ufv
/home/matt/esmeralda/lab/12_Wort/ufv/imSchreiber_030_5_sss_ex.ufv
/home/matt/esmeralda/lab/12_Wort/ufv/imSchreiber_031_5_sss_ex.ufv
/home/matt/esmeralda/lab/12_Wort/ufv/imSchreiber_032_5_sss_ex.ufv
/home/matt/esmeralda/lab/12_Wort/ufv/imSchreiber_033_5_sss_ex.ufv
/home/matt/esmeralda/lab/12_Wort/ufv/imSchreiber_035_5_sss_ex.ufv
/home/matt/esmeralda/lab/12_Wort/ufv/imSchreiber_036_5_sss_ex.ufv
/home/matt/esmeralda/lab/12_Wort/ufv/imSchreiber_037_5_sss_ex.ufv
/home/matt/esmeralda/lab/12_Wort/ufv/imSchreiber_038_5_sss_ex.ufv
/home/matt/esmeralda/lab/12_Wort/ufv/imSchreiber_039_5_sss_ex.ufv
/home/matt/esmeralda/lab/12_Wort/ufv/imSchreiber_040_5_sss_ex.ufv
/home/matt/esmeralda/lab/12_Wort/ufv/imSchreiber_041_5_sss_ex.ufv
/home/matt/esmeralda/lab/12_Wort/ufv/imSchreiber_042_5_sss_ex.ufv
/home/matt/esmeralda/lab/12_Wort/ufv/imSchreiber_043_5_sss_ex.ufv
/home/matt/esmeralda/lab/12_Wort/ufv/imSchreiber_044_5_sss_ex.ufv
/home/matt/esmeralda/lab/12_Wort/ufv/imSchreiber_045_5_sss_ex.ufv
/home/matt/esmeralda/lab/12_Wort/ufv/imSchreiber_046_5_sss_ex.ufv
/home/matt/esmeralda/lab/12_Wort/ufv/imSchreiber_049_5_sss_ex.ufv
/home/matt/esmeralda/lab/12_Wort/ufv/imSchreiber_050_5_sss_ex.ufv
/home/matt/esmeralda/lab/12_Wort/ufv/imSchreiber_051_5_sss_ex.ufv
/home/matt/esmeralda/lab/12_Wort/ufv/imSchreiber_052_5_sss_ex.ufv
/home/matt/esmeralda/lab/12_Wort/ufv/imSchreiber_056_5_sss_ex.ufv
/home/matt/esmeralda/lab/12_Wort/ufv/imSchreiber_057_5_sss_ex.ufv
/home/matt/esmeralda/lab/12_Wort/ufv/imSchreiber_058_5_sss_ex.ufv
/home/matt/esmeralda/lab/12_Wort/ufv/imSchreiber_059_5_sss_ex.ufv
/home/matt/esmeralda/lab/12_Wort/ufv/imSchreiber_060_5_sss_ex.ufv
/home/matt/esmeralda/lab/12_Wort/ufv/imSchreiber_061_5_sss_ex.ufv
/home/matt/esmeralda/lab/12_Wort/ufv/imSchreiber_062_5_sss_ex.ufv
/home/matt/esmeralda/lab/12_Wort/ufv/imSchreiber_063_5_sss_ex.ufv
/home/matt/esmeralda/lab/12_Wort/ufv/imSchreiber_064_5_sss_ex.ufv
/home/matt/esmeralda/lab/12_Wort/ufv/imSchreiber_065_5_sss_ex.ufv
/home/matt/esmeralda/lab/12_Wort/ufv/imSchreiber_067_5_sss_ex.ufv
/home/matt/esmeralda/lab/12_Wort/ufv/imSchreiber_068_5_sss_ex.ufv
/home/matt/esmeralda/lab/12_Wort/ufv/imSchreiber_069_5_sss_ex.ufv
/home/matt/esmeralda/lab/12_Wort/ufv/imSchreiber_076_5_sss_ex.ufv
/home/matt/esmeralda/lab/12_Wort/ufv/imSchreiber_077_5_sss_ex.ufv
/home/matt/esmeralda/lab/12_Wort/ufv/imSchreiber_078_5_sss_ex.ufv
/home/matt/esmeralda/lab/12_Wort/ufv/imSchreiber_079_5_sss_ex.ufv
/home/matt/esmeralda/lab/12_Wort/ufv/imSchreiber_080_5_sss_ex.ufv
/home/matt/esmeralda/lab/12_Wort/ufv/imSchreiber_081_5_sss_ex.ufv
/home/matt/esmeralda/lab/12_Wort/ufv/imSchreiber_082_5_sss_ex.ufv
/home/matt/esmeralda/lab/12_Wort/ufv/imSchreiber_083_5_sss_ex.ufv
/home/matt/esmeralda/lab/12_Wort/ufv/imSchreiber_084_5_sss_ex.ufv
/home/matt/esmeralda/lab/12_Wort/ufv/imSchreiber_085_5_sss_ex.ufv
/home/matt/esmeralda/lab/12_Wort/ufv/imSchreiber_086_5_sss_ex.ufv
/home/matt/esmeralda/lab/12_Wort/ufv/imSchreiber_087_5_sss_ex.ufv
/home/matt/esmeralda/lab/12_Wort/ufv/imSchreiber_088_5_sss_ex.ufv
/home/matt/esmeralda/lab/12_Wort/ufv/imSchreiber_089_5_sss_ex.ufv
/home/matt/esmeralda/lab/12_Wort/ufv/imSchreiber_090_5_sss_ex.ufv
/home/matt/esmeralda/lab/12_Wort/ufv/imSchreiber_091_5_sss_ex.ufv
/home/matt/esmeralda/lab/12_Wort/ufv/imSchreiber_092_5_sss_ex.ufv
/home/matt/esmeralda/lab/12_Wort/ufv/imSchreiber_093_5_sss_ex.ufv
/home/matt/esmeralda/lab/12_Wort/ufv/imSchreiber_094_5_sss_ex.ufv
/home/matt/esmeralda/lab/12_Wort/ufv/imSchreiber_095_5_sss_ex.ufv
/home/matt/esmeralda/lab/12_Wort/ufv/imSchreiber_096_5_sss_ex.ufv
/home/matt/esmeralda/lab/12_Wort/ufv/imSchreiber_097_5_sss_ex.ufv
/home/matt/esmeralda/lab/12_Wort/ufv/imSchreiber_098_5_sss_ex.ufv
/home/matt/esmeralda/lab/12_Wort/ufv/imSchreiber_099_5_sss_ex.ufv
/home/matt/esmeralda/lab/12_Wort/ufv/imSchreiber_100_5_sss_ex.ufv
/home/matt/esmeralda/lab/12_Wort/ufv/imSchreiber_101_5_sss_ex.ufv
/home/matt/esmeralda/lab/12_Wort/ufv/imSchreiber_102_5_sss_ex.ufv
/home/matt/esmeralda/lab/12_Wort/ufv/imSchreiber_103_5_sss_ex.ufv
/home/matt/esmeralda/lab/12_Wort/ufv/imSchreiber_104_5_sss_ex.ufv
/home/matt/esmeralda/lab/12_Wort/ufv/imSchreiber_105_5_sss_ex.ufv
/home/matt/esmeralda/lab/12_Wort/ufv/imSchreiber_106_5_sss_ex.ufv
/home/matt/esmeralda/lab/12_Wort/ufv/imSchreiber_107_5_sss_ex.ufv
/home/matt/esmeralda/lab/12_Wort/ufv/imSchreiber_108_5_sss_ex.ufv
/home/matt/esmeralda/lab/12_Wort/ufv/imSchreiber_110_5_sss_ex.ufv
/home/matt/esmeralda/lab/12_Wort/ufv/imSchreiber_111_5_sss_ex.ufv
/home/matt/esmeralda/lab/12_Wort/ufv/imSchreiber_112_5_sss_ex.ufv
/home/matt/esmeralda/lab/12_Wort/ufv/imSchreiber_113_5_sss_ex.ufv
/home/matt/esmeralda/lab/12_Wort/ufv/imSchreiber_114_5_sss_ex.ufv
/home/matt/esmeralda/lab/12_Wort/ufv/imSchreiber_115_5_sss_ex.ufv
/home/matt/esmeralda/lab/12_Wort/ufv/imSchreiber_116_5_sss_ex.ufv
/home/matt/esmeralda/lab/12_Wort/ufv/imSchreiber_117_5_sss_ex.ufv
/home/matt/esmeralda/lab/12_Wort/ufv/imSchreiber_118_5_sss_ex.ufv
/home/matt/esmeralda/lab/12_Wort/ufv/imSchreiber_119_5_sss_ex.ufv
/home/matt/esmeralda/lab/12_Wort/ufv/imSchreiber_120_5_sss_ex.ufv
/home/matt/esmeralda/lab/12_Wort/ufv/imSchreiber_121_5_sss_ex.ufv
/home/matt/esmeralda/lab/12_Wort/ufv/imSchreiber_122_5_sss_ex.ufv
/home/matt/esmeralda/lab/12_Wort/ufv/imSchreiber_123_5_sss_ex.ufv
/home/matt/esmeralda/lab/12_Wort/ufv/imSchreiber_124_5_sss_ex.ufv
/home/matt/esmeralda/lab/12_Wort/ufv/imSchreiber_125_5_sss_ex.ufv
/home/matt/esmeralda/lab/12_Wort/ufv/imSchreiber_126_5_sss_ex.ufv
/home/matt/esmeralda/lab/12_Wort/ufv/imSchreiber_127_5_sss_ex.ufv
/home/matt/esmeralda/lab/12_Wort/ufv/imSchreiber_128_5_sss_ex.ufv
/home/matt/esmeralda/lab/12_Wort/ufv/imSchreiber_129_5_sss_ex.ufv
/home/matt/esmeralda/lab/12_Wort/ufv/imSchreiber_130_5_sss_ex.ufv
